Archive member included to satisfy reference by file (symbol)

C:/ST/STM32CubeIDE_1.17.0/STM32CubeIDE/plugins/com.st.stm32cube.ide.mcu.externaltools.gnu-tools-for-stm32.12.3.rel1.win32_1.1.0.202410251130/tools/bin/../lib/gcc/arm-none-eabi/12.3.1/../../../../arm-none-eabi/lib/thumb/v7e-m+fp/hard\libc_nano.a(libc_a-exit.o)
                              C:/ST/STM32CubeIDE_1.17.0/STM32CubeIDE/plugins/com.st.stm32cube.ide.mcu.externaltools.gnu-tools-for-stm32.12.3.rel1.win32_1.1.0.202410251130/tools/bin/../lib/gcc/arm-none-eabi/12.3.1/../../../../arm-none-eabi/lib/thumb/v7e-m+fp/hard/crt0.o (exit)
C:/ST/STM32CubeIDE_1.17.0/STM32CubeIDE/plugins/com.st.stm32cube.ide.mcu.externaltools.gnu-tools-for-stm32.12.3.rel1.win32_1.1.0.202410251130/tools/bin/../lib/gcc/arm-none-eabi/12.3.1/../../../../arm-none-eabi/lib/thumb/v7e-m+fp/hard\libc_nano.a(libc_a-findfp.o)
                              C:/ST/STM32CubeIDE_1.17.0/STM32CubeIDE/plugins/com.st.stm32cube.ide.mcu.externaltools.gnu-tools-for-stm32.12.3.rel1.win32_1.1.0.202410251130/tools/bin/../lib/gcc/arm-none-eabi/12.3.1/../../../../arm-none-eabi/lib/thumb/v7e-m+fp/hard\libc_nano.a(libc_a-exit.o) (__stdio_exit_handler)
C:/ST/STM32CubeIDE_1.17.0/STM32CubeIDE/plugins/com.st.stm32cube.ide.mcu.externaltools.gnu-tools-for-stm32.12.3.rel1.win32_1.1.0.202410251130/tools/bin/../lib/gcc/arm-none-eabi/12.3.1/../../../../arm-none-eabi/lib/thumb/v7e-m+fp/hard\libc_nano.a(libc_a-fwalk.o)
                              C:/ST/STM32CubeIDE_1.17.0/STM32CubeIDE/plugins/com.st.stm32cube.ide.mcu.externaltools.gnu-tools-for-stm32.12.3.rel1.win32_1.1.0.202410251130/tools/bin/../lib/gcc/arm-none-eabi/12.3.1/../../../../arm-none-eabi/lib/thumb/v7e-m+fp/hard\libc_nano.a(libc_a-findfp.o) (_fwalk_sglue)
C:/ST/STM32CubeIDE_1.17.0/STM32CubeIDE/plugins/com.st.stm32cube.ide.mcu.externaltools.gnu-tools-for-stm32.12.3.rel1.win32_1.1.0.202410251130/tools/bin/../lib/gcc/arm-none-eabi/12.3.1/../../../../arm-none-eabi/lib/thumb/v7e-m+fp/hard\libc_nano.a(libc_a-snprintf.o)
                              ./Core/Periphs/SD.o (snprintf)
C:/ST/STM32CubeIDE_1.17.0/STM32CubeIDE/plugins/com.st.stm32cube.ide.mcu.externaltools.gnu-tools-for-stm32.12.3.rel1.win32_1.1.0.202410251130/tools/bin/../lib/gcc/arm-none-eabi/12.3.1/../../../../arm-none-eabi/lib/thumb/v7e-m+fp/hard\libc_nano.a(libc_a-stdio.o)
                              C:/ST/STM32CubeIDE_1.17.0/STM32CubeIDE/plugins/com.st.stm32cube.ide.mcu.externaltools.gnu-tools-for-stm32.12.3.rel1.win32_1.1.0.202410251130/tools/bin/../lib/gcc/arm-none-eabi/12.3.1/../../../../arm-none-eabi/lib/thumb/v7e-m+fp/hard\libc_nano.a(libc_a-findfp.o) (__sread)
C:/ST/STM32CubeIDE_1.17.0/STM32CubeIDE/plugins/com.st.stm32cube.ide.mcu.externaltools.gnu-tools-for-stm32.12.3.rel1.win32_1.1.0.202410251130/tools/bin/../lib/gcc/arm-none-eabi/12.3.1/../../../../arm-none-eabi/lib/thumb/v7e-m+fp/hard\libc_nano.a(libc_a-memset.o)
                              C:/ST/STM32CubeIDE_1.17.0/STM32CubeIDE/plugins/com.st.stm32cube.ide.mcu.externaltools.gnu-tools-for-stm32.12.3.rel1.win32_1.1.0.202410251130/tools/bin/../lib/gcc/arm-none-eabi/12.3.1/../../../../arm-none-eabi/lib/thumb/v7e-m+fp/hard/crt0.o (memset)
C:/ST/STM32CubeIDE_1.17.0/STM32CubeIDE/plugins/com.st.stm32cube.ide.mcu.externaltools.gnu-tools-for-stm32.12.3.rel1.win32_1.1.0.202410251130/tools/bin/../lib/gcc/arm-none-eabi/12.3.1/../../../../arm-none-eabi/lib/thumb/v7e-m+fp/hard\libc_nano.a(libc_a-closer.o)
                              C:/ST/STM32CubeIDE_1.17.0/STM32CubeIDE/plugins/com.st.stm32cube.ide.mcu.externaltools.gnu-tools-for-stm32.12.3.rel1.win32_1.1.0.202410251130/tools/bin/../lib/gcc/arm-none-eabi/12.3.1/../../../../arm-none-eabi/lib/thumb/v7e-m+fp/hard\libc_nano.a(libc_a-stdio.o) (_close_r)
C:/ST/STM32CubeIDE_1.17.0/STM32CubeIDE/plugins/com.st.stm32cube.ide.mcu.externaltools.gnu-tools-for-stm32.12.3.rel1.win32_1.1.0.202410251130/tools/bin/../lib/gcc/arm-none-eabi/12.3.1/../../../../arm-none-eabi/lib/thumb/v7e-m+fp/hard\libc_nano.a(libc_a-reent.o)
                              C:/ST/STM32CubeIDE_1.17.0/STM32CubeIDE/plugins/com.st.stm32cube.ide.mcu.externaltools.gnu-tools-for-stm32.12.3.rel1.win32_1.1.0.202410251130/tools/bin/../lib/gcc/arm-none-eabi/12.3.1/../../../../arm-none-eabi/lib/thumb/v7e-m+fp/hard\libc_nano.a(libc_a-closer.o) (errno)
C:/ST/STM32CubeIDE_1.17.0/STM32CubeIDE/plugins/com.st.stm32cube.ide.mcu.externaltools.gnu-tools-for-stm32.12.3.rel1.win32_1.1.0.202410251130/tools/bin/../lib/gcc/arm-none-eabi/12.3.1/../../../../arm-none-eabi/lib/thumb/v7e-m+fp/hard\libc_nano.a(libc_a-impure.o)
                              C:/ST/STM32CubeIDE_1.17.0/STM32CubeIDE/plugins/com.st.stm32cube.ide.mcu.externaltools.gnu-tools-for-stm32.12.3.rel1.win32_1.1.0.202410251130/tools/bin/../lib/gcc/arm-none-eabi/12.3.1/../../../../arm-none-eabi/lib/thumb/v7e-m+fp/hard\libc_nano.a(libc_a-snprintf.o) (_impure_ptr)
[...]
Memory Configuration

Name             Origin             Length             Attributes
RAM              0x20000000         0x00020000         xrw
FLASH            0x08000000         0x00080000         xr
*default*        0x00000000         0xffffffff

Linker script and memory map

LOAD C:/ST/STM32CubeIDE_1.17.0/STM32CubeIDE/plugins/com.st.stm32cube.ide.mcu.externaltools.gnu-tools-for-stm32.12.3.rel1.win32_1.1.0.202410251130/tools/bin/../lib/gcc/arm-none-eabi/12.3.1/thumb/v7e-m+fp/hard/crti.o
LOAD C:/ST/STM32CubeIDE_1.17.0/STM32CubeIDE/plugins/com.st.stm32cube.ide.mcu.externaltools.gnu-tools-for-stm32.12.3.rel1.win32_1.1.0.202410251130/tools/bin/../lib/gcc/arm-none-eabi/12.3.1/thumb/v7e-m+fp/hard/crtbegin.o
LOAD C:/ST/STM32CubeIDE_1.17.0/STM32CubeIDE/plugins/com.st.stm32cube.ide.mcu.externaltools.gnu-tools-for-stm32.12.3.rel1.win32_1.1.0.202410251130/tools/bin/../lib/gcc/arm-none-eabi/12.3.1/../../../../arm-none-eabi/lib/thumb/v7e-m+fp/hard/crt0.o
LOAD ./Core/Control/PID.o
LOAD ./Core/Periphs/MOT_DRV.o
LOAD ./Core/Periphs/SD.o
LOAD ./Core/Sensors/DSC.o
LOAD ./Core/Sensors/ENC.o
LOAD ./Core/Sensors/IMU.o
LOAD ./Core/Src/main.o
LOAD ./Core/Src/stm32f4xx_hal_msp.o
LOAD ./Core/Src/stm32f4xx_it.o
LOAD ./Core/Src/syscalls.o
LOAD ./Core/Src/sysmem.o
LOAD ./Core/Src/system_stm32f4xx.o
LOAD ./Core/Startup/startup_stm32f411ceux.o
LOAD ./Drivers/STM32F4xx_HAL_Driver/Src/stm32f4xx_hal.o
LOAD ./Drivers/STM32F4xx_HAL_Driver/Src/stm32f4xx_hal_cortex.o
LOAD ./Drivers/STM32F4xx_HAL_Driver/Src/stm32f4xx_hal_dma.o
LOAD ./Drivers/STM32F4xx_HAL_Driver/Src/stm32f4xx_hal_dma_ex.o
LOAD ./Drivers/STM32F4xx_HAL_Driver/Src/stm32f4xx_hal_exti.o
LOAD ./Drivers/STM32F4xx_HAL_Driver/Src/stm32f4xx_hal_flash.o
LOAD ./Drivers/STM32F4xx_HAL_Driver/Src/stm32f4xx_hal_flash_ex.o
LOAD ./Drivers/STM32F4xx_HAL_Driver/Src/stm32f4xx_hal_flash_ramfunc.o
LOAD ./Drivers/STM32F4xx_HAL_Driver/Src/stm32f4xx_hal_gpio.o
LOAD ./Drivers/STM32F4xx_HAL_Driver/Src/stm32f4xx_hal_i2c.o
LOAD ./Drivers/STM32F4xx_HAL_Driver/Src/stm32f4xx_hal_i2c_ex.o
LOAD ./Drivers/STM32F4xx_HAL_Driver/Src/stm32f4xx_hal_pwr.o
LOAD ./Drivers/STM32F4xx_HAL_Driver/Src/stm32f4xx_hal_pwr_ex.o
LOAD ./Drivers/STM32F4xx_HAL_Driver/Src/stm32f4xx_hal_rcc.o
LOAD ./Drivers/STM32F4xx_HAL_Driver/Src/stm32f4xx_hal_rcc_ex.o
LOAD ./Drivers/STM32F4xx_HAL_Driver/Src/stm32f4xx_hal_spi.o
LOAD ./Drivers/STM32F4xx_HAL_Driver/Src/stm32f4xx_hal_tim.o
LOAD ./Drivers/STM32F4xx_HAL_Driver/Src/stm32f4xx_hal_tim_ex.o
LOAD ./Drivers/STM32F4xx_HAL_Driver/Src/stm32f4xx_hal_uart.o
LOAD ./FATFS/App/fatfs.o
LOAD ./FATFS/Target/user_diskio.o
LOAD ./MIDWARE/FATFS_SD/FATFS_SD.o
LOAD ./Middlewares/Third_Party/FatFs/src/diskio.o
LOAD ./Middlewares/Third_Party/FatFs/src/ff.o
LOAD ./Middlewares/Third_Party/FatFs/src/ff_gen_drv.o
LOAD ./Middlewares/Third_Party/FatFs/src/option/ccsbcs.o
LOAD ./Middlewares/Third_Party/FatFs/src/option/syscall.o
START GROUP
LOAD C:/ST/STM32CubeIDE_1.17.0/STM32CubeIDE/plugins/com.st.stm32cube.ide.mcu.externaltools.gnu-tools-for-stm32.12.3.rel1.win32_1.1.0.202410251130/tools/bin/../lib/gcc/arm-none-eabi/12.3.1/../../../../arm-none-eabi/lib/thumb/v7e-m+fp/hard\libc_nano.a
LOAD C:/ST/STM32CubeIDE_1.17.0/STM32CubeIDE/plugins/com.st.stm32cube.ide.mcu.externaltools.gnu-tools-for-stm32.12.3.rel1.win32_1.1.0.202410251130/tools/bin/../lib/gcc/arm-none-eabi/12.3.1/../../../../arm-none-eabi/lib/thumb/v7e-m+fp/hard\libm.a
END GROUP
START GROUP
LOAD C:/ST/STM32CubeIDE_1.17.0/STM32CubeIDE/plugins/com.st.stm32cube.ide.mcu.externaltools.gnu-tools-for-stm32.12.3.rel1.win32_1.1.0.202410251130/tools/bin/../lib/gcc/arm-none-eabi/12.3.1/thumb/v7e-m+fp/hard\libgcc.a
LOAD C:/ST/STM32CubeIDE_1.17.0/STM32CubeIDE/plugins/com.st.stm32cube.ide.mcu.externaltools.gnu-tools-for-stm32.12.3.rel1.win32_1.1.0.202410251130/tools/bin/../lib/gcc/arm-none-eabi/12.3.1/../../../../arm-none-eabi/lib/thumb/v7e-m+fp/hard\libg_nano.a
LOAD C:/ST/STM32CubeIDE_1.17.0/STM32CubeIDE/plugins/com.st.stm32cube.ide.mcu.externaltools.gnu-tools-for-stm32.12.3.rel1.win32_1.1.0.202410251130/tools/bin/../lib/gcc/arm-none-eabi/12.3.1/../../../../arm-none-eabi/lib/thumb/v7e-m+fp/hard\libc_nano.a
END GROUP
START GROUP
LOAD C:/ST/STM32CubeIDE_1.17.0/STM32CubeIDE/plugins/com.st.stm32cube.ide.mcu.externaltools.gnu-tools-for-stm32.12.3.rel1.win32_1.1.0.202410251130/tools/bin/../lib/gcc/arm-none-eabi/12.3.1/thumb/v7e-m+fp/hard\libgcc.a
LOAD C:/ST/STM32CubeIDE_1.17.0/STM32CubeIDE/plugins/com.st.stm32cube.ide.mcu.externaltools.gnu-tools-for-stm32.12.3.rel1.win32_1.1.0.202410251130/tools/bin/../lib/gcc/arm-none-eabi/12.3.1/../../../../arm-none-eabi/lib/thumb/v7e-m+fp/hard\libc_nano.a
LOAD C:/ST/STM32CubeIDE_1.17.0/STM32CubeIDE/plugins/com.st.stm32cube.ide.mcu.externaltools.gnu-tools-for-stm32.12.3.rel1.win32_1.1.0.202410251130/tools/bin/../lib/gcc/arm-none-eabi/12.3.1/../../../../arm-none-eabi/lib/thumb/v7e-m+fp/hard\libnosys.a
END GROUP
START GROUP
LOAD C:/ST/STM32CubeIDE_1.17.0/STM32CubeIDE/plugins/com.st.stm32cube.ide.mcu.externaltools.gnu-tools-for-stm32.12.3.rel1.win32_1.1.0.202410251130/tools/bin/../lib/gcc/arm-none-eabi/12.3.1/thumb/v7e-m+fp/hard\libgcc.a
LOAD C:/ST/STM32CubeIDE_1.17.0/STM32CubeIDE/plugins/com.st.stm32cube.ide.mcu.externaltools.gnu-tools-for-stm32.12.3.rel1.win32_1.1.0.202410251130/tools/bin/../lib/gcc/arm-none-eabi/12.3.1/../../../../arm-none-eabi/lib/thumb/v7e-m+fp/hard\libc_nano.a
LOAD C:/ST/STM32CubeIDE_1.17.0/STM32CubeIDE/plugins/com.st.stm32cube.ide.mcu.externaltools.gnu-tools-for-stm32.12.3.rel1.win32_1.1.0.202410251130/tools/bin/../lib/gcc/arm-none-eabi/12.3.1/../../../../arm-none-eabi/lib/thumb/v7e-m+fp/hard\libnosys.a
END GROUP
LOAD C:/ST/STM32CubeIDE_1.17.0/STM32CubeIDE/plugins/com.st.stm32cube.ide.mcu.externaltools.gnu-tools-for-stm32.12.3.rel1.win32_1.1.0.202410251130/tools/bin/../lib/gcc/arm-none-eabi/12.3.1/thumb/v7e-m+fp/hard/crtend.o
LOAD C:/ST/STM32CubeIDE_1.17.0/STM32CubeIDE/plugins/com.st.stm32cube.ide.mcu.externaltools.gnu-tools-for-stm32.12.3.rel1.win32_1.1.0.202410251130/tools/bin/../lib/gcc/arm-none-eabi/12.3.1/thumb/v7e-m+fp/hard/crtn.o
                0x20020000                        _estack = (ORIGIN (RAM) + LENGTH (RAM))
                0x00000200                        _Min_Heap_Size = 0x200
                0x00000400                        _Min_Stack_Size = 0x400

.isr_vector     0x08000000      0x198
                0x08000000                        . = ALIGN (0x4)
 *(.isr_vector)
 .isr_vector    0x08000000      0x198 ./Core/Startup/startup_stm32f411ceux.o
                0x08000000                g_pfnVectors
                0x08000198                        . = ALIGN (0x4)

.text           0x080001a0     0xa7e0
                0x080001a0                        . = ALIGN (0x4)
 *(.text)
 .text          0x080001a0       0x40 C:/ST/STM32CubeIDE_1.17.0/STM32CubeIDE/plugins/com.st.stm32cube.ide.mcu.externaltools.gnu-tools-for-stm32.12.3.rel1.win32_1.1.0.202410251130/tools/bin/../lib/gcc/arm-none-eabi/12.3.1/thumb/v7e-m+fp/hard/crtbegin.o
 .text          0x080001e0       0x10 C:/ST/STM32CubeIDE_1.17.0/STM32CubeIDE/plugins/com.st.stm32cube.ide.mcu.externaltools.gnu-tools-for-stm32.12.3.rel1.win32_1.1.0.202410251130/tools/bin/../lib/gcc/arm-none-eabi/12.3.1/../../../../arm-none-eabi/lib/thumb/v7e-m+fp/hard\libc_nano.a(libc_a-strlen.o)
                0x080001e0                strlen
 .text          0x080001f0       0xa0 C:/ST/STM32CubeIDE_1.17.0/STM32CubeIDE/plugins/com.st.stm32cube.ide.mcu.externaltools.gnu-tools-for-stm32.12.3.rel1.win32_1.1.0.202410251130/tools/bin/../lib/gcc/arm-none-eabi/12.3.1/../../../../arm-none-eabi/lib/thumb/v7e-m+fp/hard\libc_nano.a(libc_a-memchr.o)
                0x080001f0                memchr
 .text          0x08000290      0x254 C:/ST/STM32CubeIDE_1.17.0/STM32CubeIDE/plugins/com.st.stm32cube.ide.mcu.externaltools.gnu-tools-for-stm32.12.3.rel1.win32_1.1.0.202410251130/tools/bin/../lib/gcc/arm-none-eabi/12.3.1/thumb/v7e-m+fp/hard\libgcc.a(_arm_muldf3.o)
                0x08000290                __muldf3
                0x08000290                __aeabi_dmul
 .text          0x080004e4      0x378 C:/ST/STM32CubeIDE_1.17.0/STM32CubeIDE/plugins/com.st.stm32cube.ide.mcu.externaltools.gnu-tools-for-stm32.12.3.rel1.win32_1.1.0.202410251130/tools/bin/../lib/gcc/arm-none-eabi/12.3.1/thumb/v7e-m+fp/hard\libgcc.a(_arm_addsubdf3.o)
                0x080004e4                __aeabi_drsub
                0x080004ec                __aeabi_dsub
                0x080004ec                __subdf3
                0x080004f0                __aeabi_dadd
                0x080004f0                __adddf3
                0x08000768                __floatunsidf
                0x08000768                __aeabi_ui2d
                0x08000788                __floatsidf
                0x08000788                __aeabi_i2d
                0x080007ac                __aeabi_f2d
                0x080007ac                __extendsfdf2
                0x080007f0                __floatundidf
                0x080007f0                __aeabi_ul2d
                0x08000800                __floatdidf
                0x08000800                __aeabi_l2d
 .text          0x0800085c       0x50 C:/ST/STM32CubeIDE_1.17.0/STM32CubeIDE/plugins/com.st.stm32cube.ide.mcu.externaltools.gnu-tools-for-stm32.12.3.rel1.win32_1.1.0.202410251130/tools/bin/../lib/gcc/arm-none-eabi/12.3.1/thumb/v7e-m+fp/hard\libgcc.a(_arm_fixdfsi.o)
                0x0800085c                __aeabi_d2iz
                0x0800085c                __fixdfsi
 .text          0x080008ac       0x40 C:/ST/STM32CubeIDE_1.17.0/STM32CubeIDE/plugins/com.st.stm32cube.ide.mcu.externaltools.gnu-tools-for-stm32.12.3.rel1.win32_1.1.0.202410251130/tools/bin/../lib/gcc/arm-none-eabi/12.3.1/thumb/v7e-m+fp/hard\libgcc.a(_arm_fixunsdfsi.o)
                0x080008ac                __aeabi_d2uiz
                0x080008ac                __fixunsdfsi
 .text          0x080008ec       0x30 C:/ST/STM32CubeIDE_1.17.0/STM32CubeIDE/plugins/com.st.stm32cube.ide.mcu.externaltools.gnu-tools-for-stm32.12.3.rel1.win32_1.1.0.202410251130/tools/bin/../lib/gcc/arm-none-eabi/12.3.1/thumb/v7e-m+fp/hard\libgcc.a(_aeabi_uldivmod.o)
                0x080008ec                __aeabi_uldivmod
 .text          0x0800091c      0x2bc C:/ST/STM32CubeIDE_1.17.0/STM32CubeIDE/plugins/com.st.stm32cube.ide.mcu.externaltools.gnu-tools-for-stm32.12.3.rel1.win32_1.1.0.202410251130/tools/bin/../lib/gcc/arm-none-eabi/12.3.1/thumb/v7e-m+fp/hard\libgcc.a(_udivmoddi4.o)
                0x0800091c                __udivmoddi4
 .text          0x08000bd8        0x4 C:/ST/STM32CubeIDE_1.17.0/STM32CubeIDE/plugins/com.st.stm32cube.ide.mcu.externaltools.gnu-tools-for-stm32.12.3.rel1.win32_1.1.0.202410251130/tools/bin/../lib/gcc/arm-none-eabi/12.3.1/thumb/v7e-m+fp/hard\libgcc.a(_dvmd_tls.o)
                0x08000bd8                __aeabi_idiv0
                0x08000bd8                __aeabi_ldiv0
 *(.text*)
 *fill*         0x08000bdc        0x4 
 .text.PID_Init
                0x08000be0       0x54 ./Core/Control/PID.o
                0x08000be0                PID_Init
 .text.TgtSpd_Set
                0x08000c34       0x4e ./Core/Control/PID.o
                0x08000c34                TgtSpd_Set
 *fill*         0x08000c82        0x2 
 .text.PID_Control
                0x08000c84      0x170 ./Core/Control/PID.o
                0x08000c84                PID_Control
 .text.PWM_Limiter
                0x08000df4       0x64 ./Core/Control/PID.o
                0x08000df4                PWM_Limiter
 .text.Motor_Drive
                0x08000e58       0x4c ./Core/Periphs/MOT_DRV.o
                0x08000e58                Motor_Drive
 .text.PWM_PinState_Set
                0x08000ea4       0x7a ./Core/Periphs/MOT_DRV.o
                0x08000ea4                PWM_PinState_Set
 *fill*         0x08000f1e        0x2 
 .text.SDLog_Startup
                0x08000f20       0x44 ./Core/Periphs/SD.o
                0x08000f20                SDLog_Startup
 .text.SDLog_Write
                0x08000f64       0xc0 ./Core/Periphs/SD.o
                0x08000f64                SDLog_Write
 .text.Diag_Check
                0x08001024       0x60 ./Core/Sensors/DSC.o
                0x08001024                Diag_Check
 .text.Speed_Calc
                0x08001084      0x130 ./Core/Sensors/ENC.o
                0x08001084                Speed_Calc
 .text.MPU6050_Init
                0x080011b4       0xc4 ./Core/Sensors/IMU.o
                0x080011b4                MPU6050_Init
 .text.IMU_Read
                0x08001278       0x88 ./Core/Sensors/IMU.o
                0x08001278                IMU_Read
 .text.Decel_Check
                0x08001300       0xfc ./Core/Sensors/IMU.o
                0x08001300                Decel_Check
 *fill*         0x080013fc        0x4 
 .text.main     0x08001400      0x14c ./Core/Src/main.o
                0x08001400                main
 .text.PeriphConfig_Init
                0x0800154c       0x5c ./Core/Src/main.o
 .text.SysClock_Init
                0x080015a8       0x34 ./Core/Src/main.o
 .text.LP_Filter
                0x080015dc       0x8c ./Core/Src/main.o
 .text.DelayedVals_Update
                0x08001668       0x3e ./Core/Src/main.o
 *fill*         0x080016a6        0x2 
 .text.SystemClock_Config
                0x080016a8       0xd0 ./Core/Src/main.o
 .text.MX_I2C1_Init
                0x08001778       0x5c ./Core/Src/main.o
 .text.MX_SPI2_Init
                0x080017d4       0x6c ./Core/Src/main.o
 .text.MX_TIM1_Init
                0x08001840      0x140 ./Core/Src/main.o
 .text.MX_TIM2_Init
                0x08001980       0xa8 ./Core/Src/main.o
 .text.MX_USART1_UART_Init
                0x08001a28       0x54 ./Core/Src/main.o
 .text.MX_GPIO_Init
                0x08001a7c       0xd0 ./Core/Src/main.o
 .text.Error_Handler
                0x08001b4c        0xc ./Core/Src/main.o
                0x08001b4c                Error_Handler
 .text.HAL_MspInit
                0x08001b58       0x50 ./Core/Src/stm32f4xx_hal_msp.o
                0x08001b58                HAL_MspInit
 .text.HAL_I2C_MspInit
                0x08001ba8       0x90 ./Core/Src/stm32f4xx_hal_msp.o
                0x08001ba8                HAL_I2C_MspInit
 .text.HAL_SPI_MspInit
                0x08001c38       0x90 ./Core/Src/stm32f4xx_hal_msp.o
                0x08001c38                HAL_SPI_MspInit
 .text.HAL_TIM_Base_MspInit
                0x08001cc8       0x44 ./Core/Src/stm32f4xx_hal_msp.o
                0x08001cc8                HAL_TIM_Base_MspInit
 .text.HAL_TIM_Encoder_MspInit
                0x08001d0c       0x8c ./Core/Src/stm32f4xx_hal_msp.o
                0x08001d0c                HAL_TIM_Encoder_MspInit
 .text.HAL_TIM_MspPostInit
                0x08001d98       0x74 ./Core/Src/stm32f4xx_hal_msp.o
                0x08001d98                HAL_TIM_MspPostInit
 .text.HAL_UART_MspInit
                0x08001e0c       0xa0 ./Core/Src/stm32f4xx_hal_msp.o
                0x08001e0c                HAL_UART_MspInit
 .text.NMI_Handler
                0x08001eac        0x8 ./Core/Src/stm32f4xx_it.o
                0x08001eac                NMI_Handler
 .text.HardFault_Handler
                0x08001eb4        0x8 ./Core/Src/stm32f4xx_it.o
                0x08001eb4                HardFault_Handler
 .text.MemManage_Handler
                0x08001ebc        0x8 ./Core/Src/stm32f4xx_it.o
                0x08001ebc                MemManage_Handler
 .text.BusFault_Handler
                0x08001ec4        0x8 ./Core/Src/stm32f4xx_it.o
                0x08001ec4                BusFault_Handler
 .text.UsageFault_Handler
                0x08001ecc        0x8 ./Core/Src/stm32f4xx_it.o
                0x08001ecc                UsageFault_Handler
 .text.SVC_Handler
                0x08001ed4        0xe ./Core/Src/stm32f4xx_it.o
                0x08001ed4                SVC_Handler
 .text.DebugMon_Handler
                0x08001ee2        0xe ./Core/Src/stm32f4xx_it.o
                0x08001ee2                DebugMon_Handler
 .text.PendSV_Handler
                0x08001ef0        0xe ./Core/Src/stm32f4xx_it.o
                0x08001ef0                PendSV_Handler
 *fill*         0x08001efe        0x2 
 .text.SysTick_Handler
                0x08001f00       0x3c ./Core/Src/stm32f4xx_it.o
                0x08001f00                SysTick_Handler
 .text.USART1_IRQHandler
                0x08001f3c       0x14 ./Core/Src/stm32f4xx_it.o
                0x08001f3c                USART1_IRQHandler
 .text._sbrk    0x08001f50       0x6c ./Core/Src/sysmem.o
                0x08001f50                _sbrk
 .text.SystemInit
                0x08001fbc       0x24 ./Core/Src/system_stm32f4xx.o
                0x08001fbc                SystemInit
 .text.Reset_Handler
                0x08001fe0       0x50 ./Core/Startup/startup_stm32f411ceux.o
                0x08001fe0                Reset_Handler
 .text.Default_Handler
                0x08002030        0x2 ./Core/Startup/startup_stm32f411ceux.o
                0x08002030                RTC_Alarm_IRQHandler
                0x08002030                EXTI2_IRQHandler
                0x08002030                SPI4_IRQHandler
                0x08002030                TIM1_CC_IRQHandler
                0x08002030                DMA2_Stream5_IRQHandler
                0x08002030                DMA1_Stream5_IRQHandler
                0x08002030                PVD_IRQHandler
                0x08002030                SDIO_IRQHandler
                0x08002030                TAMP_STAMP_IRQHandler
                0x08002030                EXTI3_IRQHandler
                0x08002030                TIM1_UP_TIM10_IRQHandler
                0x08002030                I2C3_ER_IRQHandler
                0x08002030                EXTI0_IRQHandler
                0x08002030                I2C2_EV_IRQHandler
                0x08002030                DMA1_Stream2_IRQHandler
                0x08002030                FPU_IRQHandler
                0x08002030                DMA2_Stream2_IRQHandler
                0x08002030                SPI1_IRQHandler
                0x08002030                TIM1_BRK_TIM9_IRQHandler
                0x08002030                DMA2_Stream3_IRQHandler
                0x08002030                USART6_IRQHandler
                0x08002030                DMA2_Stream0_IRQHandler
                0x08002030                TIM4_IRQHandler
                0x08002030                I2C1_EV_IRQHandler
                0x08002030                DMA1_Stream6_IRQHandler
                0x08002030                DMA1_Stream1_IRQHandler
                0x08002030                TIM3_IRQHandler
                0x08002030                RCC_IRQHandler
                0x08002030                Default_Handler
                0x08002030                EXTI15_10_IRQHandler
                0x08002030                ADC_IRQHandler
                0x08002030                DMA1_Stream7_IRQHandler
                0x08002030                SPI5_IRQHandler
                0x08002030                TIM5_IRQHandler
                0x08002030                DMA2_Stream7_IRQHandler
                0x08002030                I2C3_EV_IRQHandler
                0x08002030                EXTI9_5_IRQHandler
                0x08002030                RTC_WKUP_IRQHandler
                0x08002030                SPI2_IRQHandler
                0x08002030                DMA1_Stream0_IRQHandler
                0x08002030                EXTI4_IRQHandler
                0x08002030                WWDG_IRQHandler
                0x08002030                TIM2_IRQHandler
                0x08002030                OTG_FS_WKUP_IRQHandler
                0x08002030                TIM1_TRG_COM_TIM11_IRQHandler
                0x08002030                EXTI1_IRQHandler
                0x08002030                USART2_IRQHandler
                0x08002030                I2C2_ER_IRQHandler
                0x08002030                DMA2_Stream1_IRQHandler
                0x08002030                FLASH_IRQHandler
                0x08002030                DMA2_Stream4_IRQHandler
                0x08002030                OTG_FS_IRQHandler
                0x08002030                SPI3_IRQHandler
                0x08002030                DMA1_Stream4_IRQHandler
                0x08002030                I2C1_ER_IRQHandler
                0x08002030                DMA2_Stream6_IRQHandler
                0x08002030                DMA1_Stream3_IRQHandler
 *fill*         0x08002032        0x2 
 .text.HAL_Init
                0x08002034       0x44 ./Drivers/STM32F4xx_HAL_Driver/Src/stm32f4xx_hal.o
                0x08002034                HAL_Init
 .text.HAL_InitTick
                0x08002078       0x60 ./Drivers/STM32F4xx_HAL_Driver/Src/stm32f4xx_hal.o
                0x08002078                HAL_InitTick
 .text.HAL_IncTick
                0x080020d8       0x28 ./Drivers/STM32F4xx_HAL_Driver/Src/stm32f4xx_hal.o
                0x080020d8                HAL_IncTick
 .text.HAL_GetTick
                0x08002100       0x18 ./Drivers/STM32F4xx_HAL_Driver/Src/stm32f4xx_hal.o
                0x08002100                HAL_GetTick
 .text.HAL_Delay
                0x08002118       0x48 ./Drivers/STM32F4xx_HAL_Driver/Src/stm32f4xx_hal.o
                0x08002118                HAL_Delay
 .text.__NVIC_SetPriorityGrouping
                0x08002160       0x48 ./Drivers/STM32F4xx_HAL_Driver/Src/stm32f4xx_hal_cortex.o
 .text.__NVIC_GetPriorityGrouping
                0x080021a8       0x1c ./Drivers/STM32F4xx_HAL_Driver/Src/stm32f4xx_hal_cortex.o
 .text.__NVIC_EnableIRQ
                0x080021c4       0x3c ./Drivers/STM32F4xx_HAL_Driver/Src/stm32f4xx_hal_cortex.o
 .text.__NVIC_SetPriority
                0x08002200       0x54 ./Drivers/STM32F4xx_HAL_Driver/Src/stm32f4xx_hal_cortex.o
 .text.NVIC_EncodePriority
                0x08002254       0x66 ./Drivers/STM32F4xx_HAL_Driver/Src/stm32f4xx_hal_cortex.o
 *fill*         0x080022ba        0x2 
 .text.SysTick_Config
                0x080022bc       0x44 ./Drivers/STM32F4xx_HAL_Driver/Src/stm32f4xx_hal_cortex.o
 .text.HAL_NVIC_SetPriorityGrouping
                0x08002300       0x16 ./Drivers/STM32F4xx_HAL_Driver/Src/stm32f4xx_hal_cortex.o
                0x08002300                HAL_NVIC_SetPriorityGrouping
 .text.HAL_NVIC_SetPriority
                0x08002316       0x38 ./Drivers/STM32F4xx_HAL_Driver/Src/stm32f4xx_hal_cortex.o
                0x08002316                HAL_NVIC_SetPriority
 .text.HAL_NVIC_EnableIRQ
                0x0800234e       0x1c ./Drivers/STM32F4xx_HAL_Driver/Src/stm32f4xx_hal_cortex.o
                0x0800234e                HAL_NVIC_EnableIRQ
 .text.HAL_SYSTICK_Config
                0x0800236a       0x18 ./Drivers/STM32F4xx_HAL_Driver/Src/stm32f4xx_hal_cortex.o
                0x0800236a                HAL_SYSTICK_Config
 .text.HAL_DMA_Abort
                0x08002382       0xe0 ./Drivers/STM32F4xx_HAL_Driver/Src/stm32f4xx_hal_dma.o
                0x08002382                HAL_DMA_Abort
 .text.HAL_DMA_Abort_IT
                0x08002462       0x44 ./Drivers/STM32F4xx_HAL_Driver/Src/stm32f4xx_hal_dma.o
                0x08002462                HAL_DMA_Abort_IT
 *fill*         0x080024a6        0x2 
 .text.HAL_GPIO_Init
                0x080024a8      0x308 ./Drivers/STM32F4xx_HAL_Driver/Src/stm32f4xx_hal_gpio.o
                0x080024a8                HAL_GPIO_Init
 .text.HAL_GPIO_WritePin
                0x080027b0       0x32 ./Drivers/STM32F4xx_HAL_Driver/Src/stm32f4xx_hal_gpio.o
                0x080027b0                HAL_GPIO_WritePin
 *fill*         0x080027e2        0x2 
 .text.HAL_I2C_Init
                0x080027e4      0x288 ./Drivers/STM32F4xx_HAL_Driver/Src/stm32f4xx_hal_i2c.o
                0x080027e4                HAL_I2C_Init
 .text.HAL_I2C_Mem_Write
                0x08002a6c      0x1f4 ./Drivers/STM32F4xx_HAL_Driver/Src/stm32f4xx_hal_i2c.o
                0x08002a6c                HAL_I2C_Mem_Write
 .text.HAL_I2C_Mem_Read
                0x08002c60      0x464 ./Drivers/STM32F4xx_HAL_Driver/Src/stm32f4xx_hal_i2c.o
                0x08002c60                HAL_I2C_Mem_Read
 .text.I2C_RequestMemoryWrite
                0x080030c4      0x12c ./Drivers/STM32F4xx_HAL_Driver/Src/stm32f4xx_hal_i2c.o
 .text.I2C_RequestMemoryRead
                0x080031f0      0x1d0 ./Drivers/STM32F4xx_HAL_Driver/Src/stm32f4xx_hal_i2c.o
 .text.I2C_WaitOnFlagUntilTimeout
                0x080033c0       0xf4 ./Drivers/STM32F4xx_HAL_Driver/Src/stm32f4xx_hal_i2c.o
 .text.I2C_WaitOnMasterAddressFlagUntilTimeout
                0x080034b4      0x140 ./Drivers/STM32F4xx_HAL_Driver/Src/stm32f4xx_hal_i2c.o
 .text.I2C_WaitOnTXEFlagUntilTimeout
                0x080035f4       0x90 ./Drivers/STM32F4xx_HAL_Driver/Src/stm32f4xx_hal_i2c.o
 .text.I2C_WaitOnBTFFlagUntilTimeout
                0x08003684       0x90 ./Drivers/STM32F4xx_HAL_Driver/Src/stm32f4xx_hal_i2c.o
 .text.I2C_WaitOnRXNEFlagUntilTimeout
                0x08003714       0xba ./Drivers/STM32F4xx_HAL_Driver/Src/stm32f4xx_hal_i2c.o
 .text.I2C_IsAcknowledgeFailed
                0x080037ce       0x5e ./Drivers/STM32F4xx_HAL_Driver/Src/stm32f4xx_hal_i2c.o
 .text.HAL_RCC_OscConfig
                0x0800382c      0x4f0 ./Drivers/STM32F4xx_HAL_Driver/Src/stm32f4xx_hal_rcc.o
                0x0800382c                HAL_RCC_OscConfig
 .text.HAL_RCC_ClockConfig
                0x08003d1c      0x1cc ./Drivers/STM32F4xx_HAL_Driver/Src/stm32f4xx_hal_rcc.o
                0x08003d1c                HAL_RCC_ClockConfig
 .text.HAL_RCC_GetSysClockFreq
                0x08003ee8      0x18c ./Drivers/STM32F4xx_HAL_Driver/Src/stm32f4xx_hal_rcc.o
                0x08003ee8                HAL_RCC_GetSysClockFreq
 .text.HAL_RCC_GetHCLKFreq
                0x08004074       0x18 ./Drivers/STM32F4xx_HAL_Driver/Src/stm32f4xx_hal_rcc.o
                0x08004074                HAL_RCC_GetHCLKFreq
 .text.HAL_RCC_GetPCLK1Freq
                0x0800408c       0x28 ./Drivers/STM32F4xx_HAL_Driver/Src/stm32f4xx_hal_rcc.o
                0x0800408c                HAL_RCC_GetPCLK1Freq
 .text.HAL_RCC_GetPCLK2Freq
                0x080040b4       0x28 ./Drivers/STM32F4xx_HAL_Driver/Src/stm32f4xx_hal_rcc.o
                0x080040b4                HAL_RCC_GetPCLK2Freq
 .text.HAL_SPI_Init
                0x080040dc      0x112 ./Drivers/STM32F4xx_HAL_Driver/Src/stm32f4xx_hal_spi.o
                0x080040dc                HAL_SPI_Init
 .text.HAL_SPI_Transmit
                0x080041ee      0x288 ./Drivers/STM32F4xx_HAL_Driver/Src/stm32f4xx_hal_spi.o
                0x080041ee                HAL_SPI_Transmit
 .text.HAL_SPI_TransmitReceive
                0x08004476      0x352 ./Drivers/STM32F4xx_HAL_Driver/Src/stm32f4xx_hal_spi.o
                0x08004476                HAL_SPI_TransmitReceive
 .text.SPI_WaitFlagStateUntilTimeout
                0x080047c8      0x110 ./Drivers/STM32F4xx_HAL_Driver/Src/stm32f4xx_hal_spi.o
 .text.SPI_EndRxTxTransaction
                0x080048d8       0xa8 ./Drivers/STM32F4xx_HAL_Driver/Src/stm32f4xx_hal_spi.o
 .text.HAL_TIM_Base_Init
                0x08004980       0x9e ./Drivers/STM32F4xx_HAL_Driver/Src/stm32f4xx_hal_tim.o
                0x08004980                HAL_TIM_Base_Init
 .text.HAL_TIM_PWM_Init
                0x08004a1e       0x9e ./Drivers/STM32F4xx_HAL_Driver/Src/stm32f4xx_hal_tim.o
                0x08004a1e                HAL_TIM_PWM_Init
 .text.HAL_TIM_PWM_MspInit
                0x08004abc       0x14 ./Drivers/STM32F4xx_HAL_Driver/Src/stm32f4xx_hal_tim.o
                0x08004abc                HAL_TIM_PWM_MspInit
 .text.HAL_TIM_PWM_Start
                0x08004ad0      0x160 ./Drivers/STM32F4xx_HAL_Driver/Src/stm32f4xx_hal_tim.o
                0x08004ad0                HAL_TIM_PWM_Start
 .text.HAL_TIM_Encoder_Init
                0x08004c30      0x14c ./Drivers/STM32F4xx_HAL_Driver/Src/stm32f4xx_hal_tim.o
                0x08004c30                HAL_TIM_Encoder_Init
 .text.HAL_TIM_Encoder_Start
                0x08004d7c      0x11c ./Drivers/STM32F4xx_HAL_Driver/Src/stm32f4xx_hal_tim.o
                0x08004d7c                HAL_TIM_Encoder_Start
 .text.HAL_TIM_PWM_ConfigChannel
                0x08004e98      0x184 ./Drivers/STM32F4xx_HAL_Driver/Src/stm32f4xx_hal_tim.o
                0x08004e98                HAL_TIM_PWM_ConfigChannel
 .text.HAL_TIM_ConfigClockSource
                0x0800501c      0x18e ./Drivers/STM32F4xx_HAL_Driver/Src/stm32f4xx_hal_tim.o
                0x0800501c                HAL_TIM_ConfigClockSource
 *fill*         0x080051aa        0x2 
 .text.TIM_Base_SetConfig
                0x080051ac      0x10c ./Drivers/STM32F4xx_HAL_Driver/Src/stm32f4xx_hal_tim.o
                0x080051ac                TIM_Base_SetConfig
 .text.TIM_OC1_SetConfig
                0x080052b8       0xcc ./Drivers/STM32F4xx_HAL_Driver/Src/stm32f4xx_hal_tim.o
 .text.TIM_OC2_SetConfig
                0x08005384       0xd8 ./Drivers/STM32F4xx_HAL_Driver/Src/stm32f4xx_hal_tim.o
                0x08005384                TIM_OC2_SetConfig
 .text.TIM_OC3_SetConfig
                0x0800545c       0xd4 ./Drivers/STM32F4xx_HAL_Driver/Src/stm32f4xx_hal_tim.o
 .text.TIM_OC4_SetConfig
                0x08005530       0xa0 ./Drivers/STM32F4xx_HAL_Driver/Src/stm32f4xx_hal_tim.o
 .text.TIM_TI1_ConfigInputStage
                0x080055d0       0x5e ./Drivers/STM32F4xx_HAL_Driver/Src/stm32f4xx_hal_tim.o
 .text.TIM_TI2_ConfigInputStage
                0x0800562e       0x60 ./Drivers/STM32F4xx_HAL_Driver/Src/stm32f4xx_hal_tim.o
 .text.TIM_ITRx_SetConfig
                0x0800568e       0x36 ./Drivers/STM32F4xx_HAL_Driver/Src/stm32f4xx_hal_tim.o
 .text.TIM_ETR_SetConfig
                0x080056c4       0x40 ./Drivers/STM32F4xx_HAL_Driver/Src/stm32f4xx_hal_tim.o
                0x080056c4                TIM_ETR_SetConfig
 .text.TIM_CCxChannelCmd
                0x08005704       0x4a ./Drivers/STM32F4xx_HAL_Driver/Src/stm32f4xx_hal_tim.o
                0x08005704                TIM_CCxChannelCmd
 *fill*         0x0800574e        0x2 
 .text.HAL_TIMEx_MasterConfigSynchronization
                0x08005750       0xdc ./Drivers/STM32F4xx_HAL_Driver/Src/stm32f4xx_hal_tim_ex.o
                0x08005750                HAL_TIMEx_MasterConfigSynchronization
 .text.HAL_TIMEx_ConfigBreakDeadTime
                0x0800582c       0xa4 ./Drivers/STM32F4xx_HAL_Driver/Src/stm32f4xx_hal_tim_ex.o
                0x0800582c                HAL_TIMEx_ConfigBreakDeadTime
 .text.HAL_UART_Init
                0x080058d0       0xa0 ./Drivers/STM32F4xx_HAL_Driver/Src/stm32f4xx_hal_uart.o
                0x080058d0                HAL_UART_Init
 .text.HAL_UART_IRQHandler
                0x08005970      0x554 ./Drivers/STM32F4xx_HAL_Driver/Src/stm32f4xx_hal_uart.o
                0x08005970                HAL_UART_IRQHandler
 .text.HAL_UART_TxCpltCallback
                0x08005ec4       0x14 ./Drivers/STM32F4xx_HAL_Driver/Src/stm32f4xx_hal_uart.o
                0x08005ec4                HAL_UART_TxCpltCallback
 .text.HAL_UART_RxCpltCallback
                0x08005ed8       0x14 ./Drivers/STM32F4xx_HAL_Driver/Src/stm32f4xx_hal_uart.o
                0x08005ed8                HAL_UART_RxCpltCallback
 .text.HAL_UART_ErrorCallback
                0x08005eec       0x14 ./Drivers/STM32F4xx_HAL_Driver/Src/stm32f4xx_hal_uart.o
                0x08005eec                HAL_UART_ErrorCallback
 .text.HAL_UARTEx_RxEventCallback
                0x08005f00       0x18 ./Drivers/STM32F4xx_HAL_Driver/Src/stm32f4xx_hal_uart.o
                0x08005f00                HAL_UARTEx_RxEventCallback
 .text.UART_EndRxTransfer
                0x08005f18       0xc6 ./Drivers/STM32F4xx_HAL_Driver/Src/stm32f4xx_hal_uart.o
 .text.UART_DMAAbortOnError
                0x08005fde       0x22 ./Drivers/STM32F4xx_HAL_Driver/Src/stm32f4xx_hal_uart.o
 .text.UART_Transmit_IT
                0x08006000       0xa0 ./Drivers/STM32F4xx_HAL_Driver/Src/stm32f4xx_hal_uart.o
 .text.UART_EndTransmit_IT
                0x080060a0       0x30 ./Drivers/STM32F4xx_HAL_Driver/Src/stm32f4xx_hal_uart.o
 .text.UART_Receive_IT
                0x080060d0      0x17c ./Drivers/STM32F4xx_HAL_Driver/Src/stm32f4xx_hal_uart.o
 .text.UART_SetConfig
                0x0800624c      0x4e8 ./Drivers/STM32F4xx_HAL_Driver/Src/stm32f4xx_hal_uart.o
 .text.MX_FATFS_Init
                0x08006734       0x24 ./FATFS/App/fatfs.o
                0x08006734                MX_FATFS_Init
 .text.get_fattime
                0x08006758       0x10 ./FATFS/App/fatfs.o
                0x08006758                get_fattime
 .text.USER_initialize
                0x08006768       0x28 ./FATFS/Target/user_diskio.o
                0x08006768                USER_initialize
 .text.USER_status
                0x08006790       0x28 ./FATFS/Target/user_diskio.o
                0x08006790                USER_status
 .text.USER_read
                0x080067b8       0x1e ./FATFS/Target/user_diskio.o
                0x080067b8                USER_read
 .text.USER_write
                0x080067d6       0x1e ./FATFS/Target/user_diskio.o
                0x080067d6                USER_write
 .text.USER_ioctl
                0x080067f4       0x22 ./FATFS/Target/user_diskio.o
                0x080067f4                USER_ioctl
 *fill*         0x08006816        0x2 
 .text.SELECT   0x08006818       0x18 ./MIDWARE/FATFS_SD/FATFS_SD.o
 .text.DESELECT
                0x08006830       0x18 ./MIDWARE/FATFS_SD/FATFS_SD.o
 .text.SPI_TxByte
                0x08006848       0x34 ./MIDWARE/FATFS_SD/FATFS_SD.o
 .text.SPI_TxBuffer
                0x0800687c       0x34 ./MIDWARE/FATFS_SD/FATFS_SD.o
 .text.SPI_RxByte
                0x080068b0       0x38 ./MIDWARE/FATFS_SD/FATFS_SD.o
 .text.SPI_RxBytePtr
                0x080068e8       0x1c ./MIDWARE/FATFS_SD/FATFS_SD.o
 .text.SD_ReadyWait
                0x08006904       0x34 ./MIDWARE/FATFS_SD/FATFS_SD.o
 .text.SD_PowerOn
                0x08006938       0x84 ./MIDWARE/FATFS_SD/FATFS_SD.o
 .text.SD_PowerOff
                0x080069bc       0x18 ./MIDWARE/FATFS_SD/FATFS_SD.o
 .text.SD_CheckPower
                0x080069d4       0x18 ./MIDWARE/FATFS_SD/FATFS_SD.o
 .text.SD_RxDataBlock
                0x080069ec       0x5c ./MIDWARE/FATFS_SD/FATFS_SD.o
 .text.SD_TxDataBlock
                0x08006a48       0x86 ./MIDWARE/FATFS_SD/FATFS_SD.o
 .text.SD_SendCmd
                0x08006ace       0xa8 ./MIDWARE/FATFS_SD/FATFS_SD.o
 *fill*         0x08006b76        0x2 
 .text.SD_disk_initialize
                0x08006b78      0x1cc ./MIDWARE/FATFS_SD/FATFS_SD.o
                0x08006b78                SD_disk_initialize
 .text.SD_disk_status
                0x08006d44       0x2c ./MIDWARE/FATFS_SD/FATFS_SD.o
                0x08006d44                SD_disk_status
 .text.SD_disk_read
                0x08006d70       0xd4 ./MIDWARE/FATFS_SD/FATFS_SD.o
                0x08006d70                SD_disk_read
 .text.SD_disk_write
                0x08006e44      0x108 ./MIDWARE/FATFS_SD/FATFS_SD.o
                0x08006e44                SD_disk_write
 .text.SD_disk_ioctl
                0x08006f4c      0x254 ./MIDWARE/FATFS_SD/FATFS_SD.o
                0x08006f4c                SD_disk_ioctl
 .text.disk_status
                0x080071a0       0x1c ./Middlewares/Third_Party/FatFs/src/diskio.o
                0x080071a0                disk_status
 .text.disk_initialize
                0x080071bc       0x1c ./Middlewares/Third_Party/FatFs/src/diskio.o
                0x080071bc                disk_initialize
 .text.disk_read
                0x080071d8       0x26 ./Middlewares/Third_Party/FatFs/src/diskio.o
                0x080071d8                disk_read
 .text.disk_write
                0x080071fe       0x26 ./Middlewares/Third_Party/FatFs/src/diskio.o
                0x080071fe                disk_write
 .text.disk_ioctl
                0x08007224       0x26 ./Middlewares/Third_Party/FatFs/src/diskio.o
                0x08007224                disk_ioctl
 .text.ld_word  0x0800724a       0x30 ./Middlewares/Third_Party/FatFs/src/ff.o
 .text.ld_dword
                0x0800727a       0x46 ./Middlewares/Third_Party/FatFs/src/ff.o
 .text.st_word  0x080072c0       0x36 ./Middlewares/Third_Party/FatFs/src/ff.o
 .text.st_dword
                0x080072f6       0x58 ./Middlewares/Third_Party/FatFs/src/ff.o
 .text.mem_cpy  0x0800734e       0x42 ./Middlewares/Third_Party/FatFs/src/ff.o
 .text.mem_set  0x08007390       0x36 ./Middlewares/Third_Party/FatFs/src/ff.o
 .text.mem_cmp  0x080073c6       0x4e ./Middlewares/Third_Party/FatFs/src/ff.o
 .text.chk_chr  0x08007414       0x36 ./Middlewares/Third_Party/FatFs/src/ff.o
 *fill*         0x0800744a        0x2 
 .text.chk_lock
                0x0800744c       0xb8 ./Middlewares/Third_Party/FatFs/src/ff.o
 .text.enq_lock
                0x08007504       0x44 ./Middlewares/Third_Party/FatFs/src/ff.o
 .text.inc_lock
                0x08007548      0x11c ./Middlewares/Third_Party/FatFs/src/ff.o
 .text.clear_lock
                0x08007664       0x48 ./Middlewares/Third_Party/FatFs/src/ff.o
 .text.sync_window
                0x080076ac       0x88 ./Middlewares/Third_Party/FatFs/src/ff.o
 .text.move_window
                0x08007734       0x5a ./Middlewares/Third_Party/FatFs/src/ff.o
 *fill*         0x0800778e        0x2 
 .text.sync_fs  0x08007790       0xe0 ./Middlewares/Third_Party/FatFs/src/ff.o
 .text.clust2sect
                0x08007870       0x3e ./Middlewares/Third_Party/FatFs/src/ff.o
 .text.get_fat  0x080078ae      0x1a6 ./Middlewares/Third_Party/FatFs/src/ff.o
 .text.put_fat  0x08007a54      0x234 ./Middlewares/Third_Party/FatFs/src/ff.o
 .text.remove_chain
                0x08007c88       0xca ./Middlewares/Third_Party/FatFs/src/ff.o
 .text.create_chain
                0x08007d52      0x130 ./Middlewares/Third_Party/FatFs/src/ff.o
 .text.clmt_clust
                0x08007e82       0x70 ./Middlewares/Third_Party/FatFs/src/ff.o
 .text.dir_sdi  0x08007ef2      0x112 ./Middlewares/Third_Party/FatFs/src/ff.o
 .text.dir_next
                0x08008004      0x1ac ./Middlewares/Third_Party/FatFs/src/ff.o
 .text.dir_alloc
                0x080081b0       0x8e ./Middlewares/Third_Party/FatFs/src/ff.o
 .text.ld_clust
                0x0800823e       0x3e ./Middlewares/Third_Party/FatFs/src/ff.o
 .text.st_clust
                0x0800827c       0x40 ./Middlewares/Third_Party/FatFs/src/ff.o
 .text.cmp_lfn  0x080082bc       0xe0 ./Middlewares/Third_Party/FatFs/src/ff.o
 .text.put_lfn  0x0800839c       0xd0 ./Middlewares/Third_Party/FatFs/src/ff.o
 .text.gen_numname
                0x0800846c      0x11c ./Middlewares/Third_Party/FatFs/src/ff.o
 .text.sum_sfn  0x08008588       0x42 ./Middlewares/Third_Party/FatFs/src/ff.o
 .text.dir_find
                0x080085ca      0x180 ./Middlewares/Third_Party/FatFs/src/ff.o
 *fill*         0x0800874a        0x2 
 .text.dir_register
                0x0800874c      0x1f0 ./Middlewares/Third_Party/FatFs/src/ff.o
 .text.create_name
                0x0800893c      0x370 ./Middlewares/Third_Party/FatFs/src/ff.o
 .text.follow_path
                0x08008cac       0xec ./Middlewares/Third_Party/FatFs/src/ff.o
 .text.get_ldnumber
                0x08008d98       0x88 ./Middlewares/Third_Party/FatFs/src/ff.o
 .text.check_fs
                0x08008e20       0xac ./Middlewares/Third_Party/FatFs/src/ff.o
 .text.find_volume
                0x08008ecc      0x50c ./Middlewares/Third_Party/FatFs/src/ff.o
 .text.validate
                0x080093d8       0x6a ./Middlewares/Third_Party/FatFs/src/ff.o
 *fill*         0x08009442        0x2 
 .text.f_mount  0x08009444       0x8c ./Middlewares/Third_Party/FatFs/src/ff.o
                0x08009444                f_mount
 .text.f_open   0x080094d0      0x390 ./Middlewares/Third_Party/FatFs/src/ff.o
                0x080094d0                f_open
 .text.f_write  0x08009860      0x328 ./Middlewares/Third_Party/FatFs/src/ff.o
                0x08009860                f_write
 .text.f_sync   0x08009b88       0xfc ./Middlewares/Third_Party/FatFs/src/ff.o
                0x08009b88                f_sync
 .text.putc_bfd
                0x08009c84       0x7a ./Middlewares/Third_Party/FatFs/src/ff.o
 .text.putc_flush
                0x08009cfe       0x4a ./Middlewares/Third_Party/FatFs/src/ff.o
 .text.putc_init
                0x08009d48       0x2a ./Middlewares/Third_Party/FatFs/src/ff.o
 .text.f_puts   0x08009d72       0x48 ./Middlewares/Third_Party/FatFs/src/ff.o
                0x08009d72                f_puts
 *fill*         0x08009dba        0x2 
 .text.FATFS_LinkDriverEx
                0x08009dbc       0x98 ./Middlewares/Third_Party/FatFs/src/ff_gen_drv.o
                0x08009dbc                FATFS_LinkDriverEx
 .text.FATFS_LinkDriver
                0x08009e54       0x1e ./Middlewares/Third_Party/FatFs/src/ff_gen_drv.o
                0x08009e54                FATFS_LinkDriver
 *fill*         0x08009e72        0x2 
 .text.ff_convert
                0x08009e74       0x78 ./Middlewares/Third_Party/FatFs/src/option/ccsbcs.o
                0x08009e74                ff_convert
 .text.ff_wtoupper
                0x08009eec      0x114 ./Middlewares/Third_Party/FatFs/src/option/ccsbcs.o
                0x08009eec                ff_wtoupper
 .text.snprintf
                0x0800a000       0x68 C:/ST/STM32CubeIDE_1.17.0/STM32CubeIDE/plugins/com.st.stm32cube.ide.mcu.externaltools.gnu-tools-for-stm32.12.3.rel1.win32_1.1.0.202410251130/tools/bin/../lib/gcc/arm-none-eabi/12.3.1/../../../../arm-none-eabi/lib/thumb/v7e-m+fp/hard\libc_nano.a(libc_a-snprintf.o)
                0x0800a000                sniprintf
                0x0800a000                snprintf
 .text.memset   0x0800a068       0x10 C:/ST/STM32CubeIDE_1.17.0/STM32CubeIDE/plugins/com.st.stm32cube.ide.mcu.externaltools.gnu-tools-for-stm32.12.3.rel1.win32_1.1.0.202410251130/tools/bin/../lib/gcc/arm-none-eabi/12.3.1/../../../../arm-none-eabi/lib/thumb/v7e-m+fp/hard\libc_nano.a(libc_a-memset.o)
                0x0800a068                memset
 .text.__errno  0x0800a078        0xc C:/ST/STM32CubeIDE_1.17.0/STM32CubeIDE/plugins/com.st.stm32cube.ide.mcu.externaltools.gnu-tools-for-stm32.12.3.rel1.win32_1.1.0.202410251130/tools/bin/../lib/gcc/arm-none-eabi/12.3.1/../../../../arm-none-eabi/lib/thumb/v7e-m+fp/hard\libc_nano.a(libc_a-errno.o)
                0x0800a078                __errno
 .text.__libc_init_array
                0x0800a084       0x48 C:/ST/STM32CubeIDE_1.17.0/STM32CubeIDE/plugins/com.st.stm32cube.ide.mcu.externaltools.gnu-tools-for-stm32.12.3.rel1.win32_1.1.0.202410251130/tools/bin/../lib/gcc/arm-none-eabi/12.3.1/../../../../arm-none-eabi/lib/thumb/v7e-m+fp/hard\libc_nano.a(libc_a-init.o)
                0x0800a084                __libc_init_array
 .text.__retarget_lock_acquire_recursive
                0x0800a0cc        0x2 C:/ST/STM32CubeIDE_1.17.0/STM32CubeIDE/plugins/com.st.stm32cube.ide.mcu.externaltools.gnu-tools-for-stm32.12.3.rel1.win32_1.1.0.202410251130/tools/bin/../lib/gcc/arm-none-eabi/12.3.1/../../../../arm-none-eabi/lib/thumb/v7e-m+fp/hard\libc_nano.a(libc_a-lock.o)
                0x0800a0cc                __retarget_lock_acquire_recursive
 .text.__retarget_lock_release_recursive
                0x0800a0ce        0x2 C:/ST/STM32CubeIDE_1.17.0/STM32CubeIDE/plugins/com.st.stm32cube.ide.mcu.externaltools.gnu-tools-for-stm32.12.3.rel1.win32_1.1.0.202410251130/tools/bin/../lib/gcc/arm-none-eabi/12.3.1/../../../../arm-none-eabi/lib/thumb/v7e-m+fp/hard\libc_nano.a(libc_a-lock.o)
                0x0800a0ce                __retarget_lock_release_recursive
 .text._free_r  0x0800a0d0       0x94 C:/ST/STM32CubeIDE_1.17.0/STM32CubeIDE/plugins/com.st.stm32cube.ide.mcu.externaltools.gnu-tools-for-stm32.12.3.rel1.win32_1.1.0.202410251130/tools/bin/../lib/gcc/arm-none-eabi/12.3.1/../../../../arm-none-eabi/lib/thumb/v7e-m+fp/hard\libc_nano.a(libc_a-freer.o)
                0x0800a0d0                _free_r
 .text.sbrk_aligned
                0x0800a164       0x44 C:/ST/STM32CubeIDE_1.17.0/STM32CubeIDE/plugins/com.st.stm32cube.ide.mcu.externaltools.gnu-tools-for-stm32.12.3.rel1.win32_1.1.0.202410251130/tools/bin/../lib/gcc/arm-none-eabi/12.3.1/../../../../arm-none-eabi/lib/thumb/v7e-m+fp/hard\libc_nano.a(libc_a-mallocr.o)
 .text._malloc_r
                0x0800a1a8      0x100 C:/ST/STM32CubeIDE_1.17.0/STM32CubeIDE/plugins/com.st.stm32cube.ide.mcu.externaltools.gnu-tools-for-stm32.12.3.rel1.win32_1.1.0.202410251130/tools/bin/../lib/gcc/arm-none-eabi/12.3.1/../../../../arm-none-eabi/lib/thumb/v7e-m+fp/hard\libc_nano.a(libc_a-mallocr.o)
                0x0800a1a8                _malloc_r
 .text.__malloc_lock
                0x0800a2a8        0xc C:/ST/STM32CubeIDE_1.17.0/STM32CubeIDE/plugins/com.st.stm32cube.ide.mcu.externaltools.gnu-tools-for-stm32.12.3.rel1.win32_1.1.0.202410251130/tools/bin/../lib/gcc/arm-none-eabi/12.3.1/../../../../arm-none-eabi/lib/thumb/v7e-m+fp/hard\libc_nano.a(libc_a-mlock.o)
                0x0800a2a8                __malloc_lock
 .text.__malloc_unlock
                0x0800a2b4        0xc C:/ST/STM32CubeIDE_1.17.0/STM32CubeIDE/plugins/com.st.stm32cube.ide.mcu.externaltools.gnu-tools-for-stm32.12.3.rel1.win32_1.1.0.202410251130/tools/bin/../lib/gcc/arm-none-eabi/12.3.1/../../../../arm-none-eabi/lib/thumb/v7e-m+fp/hard\libc_nano.a(libc_a-mlock.o)
                0x0800a2b4                __malloc_unlock
 .text.__ssputs_r
                0x0800a2c0       0xb6 C:/ST/STM32CubeIDE_1.17.0/STM32CubeIDE/plugins/com.st.stm32cube.ide.mcu.externaltools.gnu-tools-for-stm32.12.3.rel1.win32_1.1.0.202410251130/tools/bin/../lib/gcc/arm-none-eabi/12.3.1/../../../../arm-none-eabi/lib/thumb/v7e-m+fp/hard\libc_nano.a(libc_a-nano-svfprintf.o)
                0x0800a2c0                __ssputs_r
 *fill*         0x0800a376        0x2 
 .text._svfprintf_r
                0x0800a378      0x1f8 C:/ST/STM32CubeIDE_1.17.0/STM32CubeIDE/plugins/com.st.stm32cube.ide.mcu.externaltools.gnu-tools-for-stm32.12.3.rel1.win32_1.1.0.202410251130/tools/bin/../lib/gcc/arm-none-eabi/12.3.1/../../../../arm-none-eabi/lib/thumb/v7e-m+fp/hard\libc_nano.a(libc_a-nano-svfprintf.o)
                0x0800a378                _svfiprintf_r
                0x0800a378                _svfprintf_r
 .text._printf_common
                0x0800a570       0xda C:/ST/STM32CubeIDE_1.17.0/STM32CubeIDE/plugins/com.st.stm32cube.ide.mcu.externaltools.gnu-tools-for-stm32.12.3.rel1.win32_1.1.0.202410251130/tools/bin/../lib/gcc/arm-none-eabi/12.3.1/../../../../arm-none-eabi/lib/thumb/v7e-m+fp/hard\libc_nano.a(libc_a-nano-vfprintf_i.o)
                0x0800a570                _printf_common
 *fill*         0x0800a64a        0x2 
 .text._printf_i
                0x0800a64c      0x240 C:/ST/STM32CubeIDE_1.17.0/STM32CubeIDE/plugins/com.st.stm32cube.ide.mcu.externaltools.gnu-tools-for-stm32.12.3.rel1.win32_1.1.0.202410251130/tools/bin/../lib/gcc/arm-none-eabi/12.3.1/../../../../arm-none-eabi/lib/thumb/v7e-m+fp/hard\libc_nano.a(libc_a-nano-vfprintf_i.o)
                0x0800a64c                _printf_i
 .text.memmove  0x0800a88c       0x34 C:/ST/STM32CubeIDE_1.17.0/STM32CubeIDE/plugins/com.st.stm32cube.ide.mcu.externaltools.gnu-tools-for-stm32.12.3.rel1.win32_1.1.0.202410251130/tools/bin/../lib/gcc/arm-none-eabi/12.3.1/../../../../arm-none-eabi/lib/thumb/v7e-m+fp/hard\libc_nano.a(libc_a-memmove.o)
                0x0800a88c                memmove
 .text._sbrk_r  0x0800a8c0       0x20 C:/ST/STM32CubeIDE_1.17.0/STM32CubeIDE/plugins/com.st.stm32cube.ide.mcu.externaltools.gnu-tools-for-stm32.12.3.rel1.win32_1.1.0.202410251130/tools/bin/../lib/gcc/arm-none-eabi/12.3.1/../../../../arm-none-eabi/lib/thumb/v7e-m+fp/hard\libc_nano.a(libc_a-sbrkr.o)
                0x0800a8c0                _sbrk_r
 .text.memcpy   0x0800a8e0       0x1c C:/ST/STM32CubeIDE_1.17.0/STM32CubeIDE/plugins/com.st.stm32cube.ide.mcu.externaltools.gnu-tools-for-stm32.12.3.rel1.win32_1.1.0.202410251130/tools/bin/../lib/gcc/arm-none-eabi/12.3.1/../../../../arm-none-eabi/lib/thumb/v7e-m+fp/hard\libc_nano.a(libc_a-memcpy-stub.o)
                0x0800a8e0                memcpy
 .text._realloc_r
                0x0800a8fc       0x5c C:/ST/STM32CubeIDE_1.17.0/STM32CubeIDE/plugins/com.st.stm32cube.ide.mcu.externaltools.gnu-tools-for-stm32.12.3.rel1.win32_1.1.0.202410251130/tools/bin/../lib/gcc/arm-none-eabi/12.3.1/../../../../arm-none-eabi/lib/thumb/v7e-m+fp/hard\libc_nano.a(libc_a-reallocr.o)
                0x0800a8fc                _realloc_r
 .text._malloc_usable_size_r
                0x0800a958       0x10 C:/ST/STM32CubeIDE_1.17.0/STM32CubeIDE/plugins/com.st.stm32cube.ide.mcu.externaltools.gnu-tools-for-stm32.12.3.rel1.win32_1.1.0.202410251130/tools/bin/../lib/gcc/arm-none-eabi/12.3.1/../../../../arm-none-eabi/lib/thumb/v7e-m+fp/hard\libc_nano.a(libc_a-msizer.o)
                0x0800a958                _malloc_usable_size_r
 *(.glue_7)
 .glue_7        0x0800a968        0x0 linker stubs
 *(.glue_7t)
 .glue_7t       0x0800a968        0x0 linker stubs
 *(.eh_frame)
 .eh_frame      0x0800a968        0x0 C:/ST/STM32CubeIDE_1.17.0/STM32CubeIDE/plugins/com.st.stm32cube.ide.mcu.externaltools.gnu-tools-for-stm32.12.3.rel1.win32_1.1.0.202410251130/tools/bin/../lib/gcc/arm-none-eabi/12.3.1/thumb/v7e-m+fp/hard/crtbegin.o
 *(.init)
 .init          0x0800a968        0x4 C:/ST/STM32CubeIDE_1.17.0/STM32CubeIDE/plugins/com.st.stm32cube.ide.mcu.externaltools.gnu-tools-for-stm32.12.3.rel1.win32_1.1.0.202410251130/tools/bin/../lib/gcc/arm-none-eabi/12.3.1/thumb/v7e-m+fp/hard/crti.o
                0x0800a968                _init
 .init          0x0800a96c        0x8 C:/ST/STM32CubeIDE_1.17.0/STM32CubeIDE/plugins/com.st.stm32cube.ide.mcu.externaltools.gnu-tools-for-stm32.12.3.rel1.win32_1.1.0.202410251130/tools/bin/../lib/gcc/arm-none-eabi/12.3.1/thumb/v7e-m+fp/hard/crtn.o
 *(.fini)
 .fini          0x0800a974        0x4 C:/ST/STM32CubeIDE_1.17.0/STM32CubeIDE/plugins/com.st.stm32cube.ide.mcu.externaltools.gnu-tools-for-stm32.12.3.rel1.win32_1.1.0.202410251130/tools/bin/../lib/gcc/arm-none-eabi/12.3.1/thumb/v7e-m+fp/hard/crti.o
                0x0800a974                _fini
 .fini          0x0800a978        0x8 C:/ST/STM32CubeIDE_1.17.0/STM32CubeIDE/plugins/com.st.stm32cube.ide.mcu.externaltools.gnu-tools-for-stm32.12.3.rel1.win32_1.1.0.202410251130/tools/bin/../lib/gcc/arm-none-eabi/12.3.1/thumb/v7e-m+fp/hard/crtn.o
                0x0800a980                        . = ALIGN (0x4)
                0x0800a980                        _etext = .

.vfp11_veneer   0x0800a980        0x0
 .vfp11_veneer  0x0800a980        0x0 linker stubs

.v4_bx          0x0800a980        0x0
 .v4_bx         0x0800a980        0x0 linker stubs

.iplt           0x0800a980        0x0
 .iplt          0x0800a980        0x0 C:/ST/STM32CubeIDE_1.17.0/STM32CubeIDE/plugins/com.st.stm32cube.ide.mcu.externaltools.gnu-tools-for-stm32.12.3.rel1.win32_1.1.0.202410251130/tools/bin/../lib/gcc/arm-none-eabi/12.3.1/thumb/v7e-m+fp/hard/crtbegin.o

.rodata         0x0800a980      0x5ec
                0x0800a980                        . = ALIGN (0x4)
 *(.rodata)
 .rodata        0x0800a980      0x116 ./Core/Periphs/SD.o
 *fill*         0x0800aa96        0x2 
 .rodata        0x0800aa98       0x48 ./Middlewares/Third_Party/FatFs/src/ff.o
 *(.rodata*)
 .rodata.AHBPrescTable
                0x0800aae0       0x10 ./Core/Src/system_stm32f4xx.o
                0x0800aae0                AHBPrescTable
 .rodata.APBPrescTable
                0x0800aaf0        0x8 ./Core/Src/system_stm32f4xx.o
                0x0800aaf0                APBPrescTable
 .rodata.ExCvt  0x0800aaf8       0x80 ./Middlewares/Third_Party/FatFs/src/ff.o
 .rodata.LfnOfs
                0x0800ab78        0xd ./Middlewares/Third_Party/FatFs/src/ff.o
 *fill*         0x0800ab85        0x3 
 .rodata.Tbl    0x0800ab88      0x100 ./Middlewares/Third_Party/FatFs/src/option/ccsbcs.o
 .rodata.cvt1.1
                0x0800ac88      0x1f2 ./Middlewares/Third_Party/FatFs/src/option/ccsbcs.o
 *fill*         0x0800ae7a        0x2 
 .rodata.cvt2.0
                0x0800ae7c       0xbc ./Middlewares/Third_Party/FatFs/src/option/ccsbcs.o
 .rodata._svfprintf_r.str1.1
                0x0800af38       0x11 C:/ST/STM32CubeIDE_1.17.0/STM32CubeIDE/plugins/com.st.stm32cube.ide.mcu.externaltools.gnu-tools-for-stm32.12.3.rel1.win32_1.1.0.202410251130/tools/bin/../lib/gcc/arm-none-eabi/12.3.1/../../../../arm-none-eabi/lib/thumb/v7e-m+fp/hard\libc_nano.a(libc_a-nano-svfprintf.o)
 .rodata._printf_i.str1.1
                0x0800af49       0x22 C:/ST/STM32CubeIDE_1.17.0/STM32CubeIDE/plugins/com.st.stm32cube.ide.mcu.externaltools.gnu-tools-for-stm32.12.3.rel1.win32_1.1.0.202410251130/tools/bin/../lib/gcc/arm-none-eabi/12.3.1/../../../../arm-none-eabi/lib/thumb/v7e-m+fp/hard\libc_nano.a(libc_a-nano-vfprintf_i.o)
                0x0800af6c                        . = ALIGN (0x4)
 *fill*         0x0800af6b        0x1 

.ARM.extab      0x0800af6c        0x0
                0x0800af6c                        . = ALIGN (0x4)
 *(.ARM.extab* .gnu.linkonce.armextab.*)
                0x0800af6c                        . = ALIGN (0x4)

.ARM            0x0800af6c        0x8
                0x0800af6c                        . = ALIGN (0x4)
                0x0800af6c                        __exidx_start = .
 *(.ARM.exidx*)
 .ARM.exidx     0x0800af6c        0x8 C:/ST/STM32CubeIDE_1.17.0/STM32CubeIDE/plugins/com.st.stm32cube.ide.mcu.externaltools.gnu-tools-for-stm32.12.3.rel1.win32_1.1.0.202410251130/tools/bin/../lib/gcc/arm-none-eabi/12.3.1/../../../../arm-none-eabi/lib/thumb/v7e-m+fp/hard\libc_nano.a(libc_a-strlen.o)
 .ARM.exidx     0x0800af74        0x0 C:/ST/STM32CubeIDE_1.17.0/STM32CubeIDE/plugins/com.st.stm32cube.ide.mcu.externaltools.gnu-tools-for-stm32.12.3.rel1.win32_1.1.0.202410251130/tools/bin/../lib/gcc/arm-none-eabi/12.3.1/../../../../arm-none-eabi/lib/thumb/v7e-m+fp/hard\libc_nano.a(libc_a-memchr.o)
                                  0x8 (size before relaxing)
 .ARM.exidx     0x0800af74        0x0 C:/ST/STM32CubeIDE_1.17.0/STM32CubeIDE/plugins/com.st.stm32cube.ide.mcu.externaltools.gnu-tools-for-stm32.12.3.rel1.win32_1.1.0.202410251130/tools/bin/../lib/gcc/arm-none-eabi/12.3.1/thumb/v7e-m+fp/hard\libgcc.a(_udivmoddi4.o)
                                  0x8 (size before relaxing)
                0x0800af74                        __exidx_end = .
                0x0800af74                        . = ALIGN (0x4)

.preinit_array  0x0800af74        0x0
                0x0800af74                        . = ALIGN (0x4)
                0x0800af74                        PROVIDE (__preinit_array_start = .)
 *(.preinit_array*)
                0x0800af74                        PROVIDE (__preinit_array_end = .)
                0x0800af74                        . = ALIGN (0x4)

.init_array     0x0800af74        0x4
                0x0800af74                        . = ALIGN (0x4)
                0x0800af74                        PROVIDE (__init_array_start = .)
 *(SORT_BY_NAME(.init_array.*))
 *(.init_array*)
 .init_array    0x0800af74        0x4 C:/ST/STM32CubeIDE_1.17.0/STM32CubeIDE/plugins/com.st.stm32cube.ide.mcu.externaltools.gnu-tools-for-stm32.12.3.rel1.win32_1.1.0.202410251130/tools/bin/../lib/gcc/arm-none-eabi/12.3.1/thumb/v7e-m+fp/hard/crtbegin.o
                0x0800af78                        PROVIDE (__init_array_end = .)
                0x0800af78                        . = ALIGN (0x4)

.fini_array     0x0800af78        0x4
                0x0800af78                        . = ALIGN (0x4)
                [!provide]                        PROVIDE (__fini_array_start = .)
 *(SORT_BY_NAME(.fini_array.*))
 *(.fini_array*)
 .fini_array    0x0800af78        0x4 C:/ST/STM32CubeIDE_1.17.0/STM32CubeIDE/plugins/com.st.stm32cube.ide.mcu.externaltools.gnu-tools-for-stm32.12.3.rel1.win32_1.1.0.202410251130/tools/bin/../lib/gcc/arm-none-eabi/12.3.1/thumb/v7e-m+fp/hard/crtbegin.o
                [!provide]                        PROVIDE (__fini_array_end = .)
                0x0800af7c                        . = ALIGN (0x4)
                0x0800af7c                        _sidata = LOADADDR (.data)

.rel.dyn        0x0800af7c        0x0
 .rel.iplt      0x0800af7c        0x0 C:/ST/STM32CubeIDE_1.17.0/STM32CubeIDE/plugins/com.st.stm32cube.ide.mcu.externaltools.gnu-tools-for-stm32.12.3.rel1.win32_1.1.0.202410251130/tools/bin/../lib/gcc/arm-none-eabi/12.3.1/thumb/v7e-m+fp/hard/crtbegin.o

.data           0x20000000       0x74 load address 0x0800af7c
                0x20000000                        . = ALIGN (0x4)
                0x20000000                        _sdata = .
 *(.data)
 *(.data*)
 .data.SystemCoreClock
                0x20000000        0x4 ./Core/Src/system_stm32f4xx.o
                0x20000000                SystemCoreClock
 .data.uwTickPrio
                0x20000004        0x4 ./Drivers/STM32F4xx_HAL_Driver/Src/stm32f4xx_hal.o
                0x20000004                uwTickPrio
 .data.uwTickFreq
                0x20000008        0x1 ./Drivers/STM32F4xx_HAL_Driver/Src/stm32f4xx_hal.o
                0x20000008                uwTickFreq
 .data.Stat     0x20000009        0x1 ./FATFS/Target/user_diskio.o
 *fill*         0x2000000a        0x2 
 .data.USER_Driver
                0x2000000c       0x14 ./FATFS/Target/user_diskio.o
                0x2000000c                USER_Driver
 .data.Stat     0x20000020        0x1 ./MIDWARE/FATFS_SD/FATFS_SD.o
 *fill*         0x20000021        0x3 
 .data._impure_ptr
                0x20000024        0x4 C:/ST/STM32CubeIDE_1.17.0/STM32CubeIDE/plugins/com.st.stm32cube.ide.mcu.externaltools.gnu-tools-for-stm32.12.3.rel1.win32_1.1.0.202410251130/tools/bin/../lib/gcc/arm-none-eabi/12.3.1/../../../../arm-none-eabi/lib/thumb/v7e-m+fp/hard\libc_nano.a(libc_a-impure.o)
                0x20000024                _impure_ptr
 .data._impure_data
                0x20000028       0x4c C:/ST/STM32CubeIDE_1.17.0/STM32CubeIDE/plugins/com.st.stm32cube.ide.mcu.externaltools.gnu-tools-for-stm32.12.3.rel1.win32_1.1.0.202410251130/tools/bin/../lib/gcc/arm-none-eabi/12.3.1/../../../../arm-none-eabi/lib/thumb/v7e-m+fp/hard\libc_nano.a(libc_a-impure.o)
                0x20000028                _impure_data
 *(.RamFunc)
 *(.RamFunc*)
                0x20000074                        . = ALIGN (0x4)
                0x20000074                        _edata = .

.igot.plt       0x20000074        0x0 load address 0x0800aff0
 .igot.plt      0x20000074        0x0 C:/ST/STM32CubeIDE_1.17.0/STM32CubeIDE/plugins/com.st.stm32cube.ide.mcu.externaltools.gnu-tools-for-stm32.12.3.rel1.win32_1.1.0.202410251130/tools/bin/../lib/gcc/arm-none-eabi/12.3.1/thumb/v7e-m+fp/hard/crtbegin.o
                0x20000074                        . = ALIGN (0x4)

.bss            0x20000074     0x26b4 load address 0x0800aff0
                0x20000074                        _sbss = .
                0x20000074                        __bss_start__ = _sbss
 *(.bss)
 .bss           0x20000074       0x1c C:/ST/STM32CubeIDE_1.17.0/STM32CubeIDE/plugins/com.st.stm32cube.ide.mcu.externaltools.gnu-tools-for-stm32.12.3.rel1.win32_1.1.0.202410251130/tools/bin/../lib/gcc/arm-none-eabi/12.3.1/thumb/v7e-m+fp/hard/crtbegin.o
 *(.bss*)
 .bss.error.0   0x20000090        0x2 ./Core/Control/PID.o
 *fill*         0x20000092        0x2 
 .bss.htim1     0x20000094       0x48 ./Core/Periphs/MOT_DRV.o
                0x20000094                htim1
 .bss.FatFs     0x200000dc     0x1038 ./Core/Periphs/SD.o
                0x200000dc                FatFs
 .bss.Fil       0x20001114     0x1030 ./Core/Periphs/SD.o
                0x20001114                Fil
 .bss.WWC       0x20002144        0x4 ./Core/Periphs/SD.o
                0x20002144                WWC
 .bss.RW_Buffer
                0x20002148       0xc8 ./Core/Periphs/SD.o
                0x20002148                RW_Buffer
 .bss.f_sync_count.0
                0x20002210        0x4 ./Core/Periphs/SD.o
 .bss.delta_us  0x20002214        0x4 ./Core/Sensors/ENC.o
                0x20002214                delta_us
 .bss.delta_s   0x20002218        0x4 ./Core/Sensors/ENC.o
                0x20002218                delta_s
 .bss.htim2     0x2000221c       0x48 ./Core/Sensors/ENC.o
                0x2000221c                htim2
 .bss.delta_revs
                0x20002264        0x4 ./Core/Sensors/ENC.o
                0x20002264                delta_revs
 .bss.PIN_IN3_STATE
                0x20002268        0x4 ./Core/Sensors/ENC.o
                0x20002268                PIN_IN3_STATE
 .bss.PIN_IN4_STATE
                0x2000226c        0x4 ./Core/Sensors/ENC.o
                0x2000226c                PIN_IN4_STATE
 .bss.now.4     0x20002270        0x4 ./Core/Sensors/ENC.o
 .bss.last_time.3
                0x20002274        0x4 ./Core/Sensors/ENC.o
 .bss.delta.2   0x20002278        0x4 ./Core/Sensors/ENC.o
 .bss.motor_pos_z1.1
                0x2000227c        0x4 ./Core/Sensors/ENC.o
 .bss.delta_pos.0
                0x20002280        0x4 ./Core/Sensors/ENC.o
 .bss.Rec_Data1
                0x20002284        0x6 ./Core/Sensors/IMU.o
                0x20002284                Rec_Data1
 *fill*         0x2000228a        0x2 
 .bss.Rec_Data2
                0x2000228c        0x6 ./Core/Sensors/IMU.o
                0x2000228c                Rec_Data2
 *fill*         0x20002292        0x2 
 .bss.hi2c1     0x20002294       0x54 ./Core/Sensors/IMU.o
                0x20002294                hi2c1
 .bss.confirm   0x200022e8        0x1 ./Core/Sensors/IMU.o
                0x200022e8                confirm
 .bss.Data.1    0x200022e9        0x1 ./Core/Sensors/IMU.o
 *fill*         0x200022ea        0x2 
 .bss.decel_cnt.0
                0x200022ec        0x4 ./Core/Sensors/IMU.o
 .bss.hspi2     0x200022f0       0x58 ./Core/Src/main.o
                0x200022f0                hspi2
 .bss.huart1    0x20002348       0x48 ./Core/Src/main.o
                0x20002348                huart1
 .bss.decel_sts
                0x20002390        0x4 ./Core/Src/main.o
                0x20002390                decel_sts
 .bss.__sbrk_heap_end
                0x20002394        0x4 ./Core/Src/sysmem.o
 .bss.uwTick    0x20002398        0x4 ./Drivers/STM32F4xx_HAL_Driver/Src/stm32f4xx_hal.o
                0x20002398                uwTick
 .bss.retUSER   0x2000239c        0x1 ./FATFS/App/fatfs.o
                0x2000239c                retUSER
 *fill*         0x2000239d        0x3 
 .bss.USERPath  0x200023a0        0x4 ./FATFS/App/fatfs.o
                0x200023a0                USERPath
 .bss.Timer1    0x200023a4        0x2 ./MIDWARE/FATFS_SD/FATFS_SD.o
                0x200023a4                Timer1
 .bss.Timer2    0x200023a6        0x2 ./MIDWARE/FATFS_SD/FATFS_SD.o
                0x200023a6                Timer2
 .bss.CardType  0x200023a8        0x1 ./MIDWARE/FATFS_SD/FATFS_SD.o
 .bss.PowerFlag
                0x200023a9        0x1 ./MIDWARE/FATFS_SD/FATFS_SD.o
 *fill*         0x200023aa        0x2 
 .bss.FatFs     0x200023ac        0x4 ./Middlewares/Third_Party/FatFs/src/ff.o
 .bss.Fsid      0x200023b0        0x2 ./Middlewares/Third_Party/FatFs/src/ff.o
 *fill*         0x200023b2        0x2 
 .bss.Files     0x200023b4       0x20 ./Middlewares/Third_Party/FatFs/src/ff.o
 .bss.LfnBuf    0x200023d4      0x200 ./Middlewares/Third_Party/FatFs/src/ff.o
 .bss.disk      0x200025d4        0xc ./Middlewares/Third_Party/FatFs/src/ff_gen_drv.o
                0x200025d4                disk
 .bss.__sf      0x200025e0      0x138 C:/ST/STM32CubeIDE_1.17.0/STM32CubeIDE/plugins/com.st.stm32cube.ide.mcu.externaltools.gnu-tools-for-stm32.12.3.rel1.win32_1.1.0.202410251130/tools/bin/../lib/gcc/arm-none-eabi/12.3.1/../../../../arm-none-eabi/lib/thumb/v7e-m+fp/hard\libc_nano.a(libc_a-findfp.o)
                0x200025e0                __sf
 .bss.errno     0x20002718        0x4 C:/ST/STM32CubeIDE_1.17.0/STM32CubeIDE/plugins/com.st.stm32cube.ide.mcu.externaltools.gnu-tools-for-stm32.12.3.rel1.win32_1.1.0.202410251130/tools/bin/../lib/gcc/arm-none-eabi/12.3.1/../../../../arm-none-eabi/lib/thumb/v7e-m+fp/hard\libc_nano.a(libc_a-reent.o)
                0x20002718                errno
 .bss.__lock___malloc_recursive_mutex
                0x2000271c        0x1 C:/ST/STM32CubeIDE_1.17.0/STM32CubeIDE/plugins/com.st.stm32cube.ide.mcu.externaltools.gnu-tools-for-stm32.12.3.rel1.win32_1.1.0.202410251130/tools/bin/../lib/gcc/arm-none-eabi/12.3.1/../../../../arm-none-eabi/lib/thumb/v7e-m+fp/hard\libc_nano.a(libc_a-lock.o)
                0x2000271c                __lock___malloc_recursive_mutex
 *fill*         0x2000271d        0x3 
 .bss.__malloc_sbrk_start
                0x20002720        0x4 C:/ST/STM32CubeIDE_1.17.0/STM32CubeIDE/plugins/com.st.stm32cube.ide.mcu.externaltools.gnu-tools-for-stm32.12.3.rel1.win32_1.1.0.202410251130/tools/bin/../lib/gcc/arm-none-eabi/12.3.1/../../../../arm-none-eabi/lib/thumb/v7e-m+fp/hard\libc_nano.a(libc_a-mallocr.o)
                0x20002720                __malloc_sbrk_start
 .bss.__malloc_free_list
                0x20002724        0x4 C:/ST/STM32CubeIDE_1.17.0/STM32CubeIDE/plugins/com.st.stm32cube.ide.mcu.externaltools.gnu-tools-for-stm32.12.3.rel1.win32_1.1.0.202410251130/tools/bin/../lib/gcc/arm-none-eabi/12.3.1/../../../../arm-none-eabi/lib/thumb/v7e-m+fp/hard\libc_nano.a(libc_a-mallocr.o)
                0x20002724                __malloc_free_list
 *(COMMON)
                0x20002728                        . = ALIGN (0x4)
                0x20002728                        _ebss = .
                0x20002728                        __bss_end__ = _ebss

._user_heap_stack
                0x20002728      0x600 load address 0x0800aff0
                0x20002728                        . = ALIGN (0x8)
                [!provide]                        PROVIDE (end = .)
                0x20002728                        PROVIDE (_end = .)
                0x20002928                        . = (. + _Min_Heap_Size)
 *fill*         0x20002728      0x200 
                0x20002d28                        . = (. + _Min_Stack_Size)
 *fill*         0x20002928      0x400 
                0x20002d28                        . = ALIGN (0x8)

/DISCARD/
 libc.a(*)
 libm.a(*)
 libgcc.a(*)

.ARM.attributes
                0x00000000       0x30
 *(.ARM.attributes)
 .ARM.attributes
                0x00000000       0x22 C:/ST/STM32CubeIDE_1.17.0/STM32CubeIDE/plugins/com.st.stm32cube.ide.mcu.externaltools.gnu-tools-for-stm32.12.3.rel1.win32_1.1.0.202410251130/tools/bin/../lib/gcc/arm-none-eabi/12.3.1/thumb/v7e-m+fp/hard/crti.o
 .ARM.attributes
                0x00000022       0x34 C:/ST/STM32CubeIDE_1.17.0/STM32CubeIDE/plugins/com.st.stm32cube.ide.mcu.externaltools.gnu-tools-for-stm32.12.3.rel1.win32_1.1.0.202410251130/tools/bin/../lib/gcc/arm-none-eabi/12.3.1/thumb/v7e-m+fp/hard/crtbegin.o
 .ARM.attributes
                0x00000056       0x34 ./Core/Control/PID.o
 .ARM.attributes
                0x0000008a       0x34 ./Core/Periphs/MOT_DRV.o
 .ARM.attributes
                0x000000be       0x34 ./Core/Periphs/SD.o
 .ARM.attributes
                0x000000f2       0x34 ./Core/Sensors/DSC.o
 .ARM.attributes
                0x00000126       0x34 ./Core/Sensors/ENC.o
 .ARM.attributes
                0x0000015a       0x34 ./Core/Sensors/IMU.o
 .ARM.attributes
                0x0000018e       0x34 ./Core/Src/main.o
 .ARM.attributes
                0x000001c2       0x34 ./Core/Src/stm32f4xx_hal_msp.o
 .ARM.attributes
                0x000001f6       0x34 ./Core/Src/stm32f4xx_it.o
 .ARM.attributes
                0x0000022a       0x34 ./Core/Src/sysmem.o
 .ARM.attributes
                0x0000025e       0x34 ./Core/Src/system_stm32f4xx.o
 .ARM.attributes
                0x00000292       0x21 ./Core/Startup/startup_stm32f411ceux.o
 .ARM.attributes
                0x000002b3       0x34 ./Drivers/STM32F4xx_HAL_Driver/Src/stm32f4xx_hal.o
 .ARM.attributes
                0x000002e7       0x34 ./Drivers/STM32F4xx_HAL_Driver/Src/stm32f4xx_hal_cortex.o
 .ARM.attributes
                0x0000031b       0x34 ./Drivers/STM32F4xx_HAL_Driver/Src/stm32f4xx_hal_dma.o
 .ARM.attributes
                0x0000034f       0x34 ./Drivers/STM32F4xx_HAL_Driver/Src/stm32f4xx_hal_gpio.o
 .ARM.attributes
                0x00000383       0x34 ./Drivers/STM32F4xx_HAL_Driver/Src/stm32f4xx_hal_i2c.o
 .ARM.attributes
                0x000003b7       0x34 ./Drivers/STM32F4xx_HAL_Driver/Src/stm32f4xx_hal_rcc.o
 .ARM.attributes
                0x000003eb       0x34 ./Drivers/STM32F4xx_HAL_Driver/Src/stm32f4xx_hal_spi.o
 .ARM.attributes
                0x0000041f       0x34 ./Drivers/STM32F4xx_HAL_Driver/Src/stm32f4xx_hal_tim.o
 .ARM.attributes
                0x00000453       0x34 ./Drivers/STM32F4xx_HAL_Driver/Src/stm32f4xx_hal_tim_ex.o
 .ARM.attributes
                0x00000487       0x34 ./Drivers/STM32F4xx_HAL_Driver/Src/stm32f4xx_hal_uart.o
 .ARM.attributes
                0x000004bb       0x34 ./FATFS/App/fatfs.o
 .ARM.attributes
                0x000004ef       0x34 ./FATFS/Target/user_diskio.o
 .ARM.attributes
                0x00000523       0x34 ./MIDWARE/FATFS_SD/FATFS_SD.o
 .ARM.attributes
                0x00000557       0x34 ./Middlewares/Third_Party/FatFs/src/diskio.o
 .ARM.attributes
                0x0000058b       0x34 ./Middlewares/Third_Party/FatFs/src/ff.o
 .ARM.attributes
                0x000005bf       0x34 ./Middlewares/Third_Party/FatFs/src/ff_gen_drv.o
 .ARM.attributes
                0x000005f3       0x34 ./Middlewares/Third_Party/FatFs/src/option/ccsbcs.o
 .ARM.attributes
                0x00000627       0x34 C:/ST/STM32CubeIDE_1.17.0/STM32CubeIDE/plugins/com.st.stm32cube.ide.mcu.externaltools.gnu-tools-for-stm32.12.3.rel1.win32_1.1.0.202410251130/tools/bin/../lib/gcc/arm-none-eabi/12.3.1/../../../../arm-none-eabi/lib/thumb/v7e-m+fp/hard\libc_nano.a(libc_a-findfp.o)
 .ARM.attributes
                0x0000065b       0x34 C:/ST/STM32CubeIDE_1.17.0/STM32CubeIDE/plugins/com.st.stm32cube.ide.mcu.externaltools.gnu-tools-for-stm32.12.3.rel1.win32_1.1.0.202410251130/tools/bin/../lib/gcc/arm-none-eabi/12.3.1/../../../../arm-none-eabi/lib/thumb/v7e-m+fp/hard\libc_nano.a(libc_a-snprintf.o)
 .ARM.attributes
                0x0000068f       0x34 C:/ST/STM32CubeIDE_1.17.0/STM32CubeIDE/plugins/com.st.stm32cube.ide.mcu.externaltools.gnu-tools-for-stm32.12.3.rel1.win32_1.1.0.202410251130/tools/bin/../lib/gcc/arm-none-eabi/12.3.1/../../../../arm-none-eabi/lib/thumb/v7e-m+fp/hard\libc_nano.a(libc_a-memset.o)
 .ARM.attributes
                0x000006c3       0x34 C:/ST/STM32CubeIDE_1.17.0/STM32CubeIDE/plugins/com.st.stm32cube.ide.mcu.externaltools.gnu-tools-for-stm32.12.3.rel1.win32_1.1.0.202410251130/tools/bin/../lib/gcc/arm-none-eabi/12.3.1/../../../../arm-none-eabi/lib/thumb/v7e-m+fp/hard\libc_nano.a(libc_a-reent.o)
 .ARM.attributes
                0x000006f7       0x34 C:/ST/STM32CubeIDE_1.17.0/STM32CubeIDE/plugins/com.st.stm32cube.ide.mcu.externaltools.gnu-tools-for-stm32.12.3.rel1.win32_1.1.0.202410251130/tools/bin/../lib/gcc/arm-none-eabi/12.3.1/../../../../arm-none-eabi/lib/thumb/v7e-m+fp/hard\libc_nano.a(libc_a-impure.o)
 .ARM.attributes
                0x0000072b       0x34 C:/ST/STM32CubeIDE_1.17.0/STM32CubeIDE/plugins/com.st.stm32cube.ide.mcu.externaltools.gnu-tools-for-stm32.12.3.rel1.win32_1.1.0.202410251130/tools/bin/../lib/gcc/arm-none-eabi/12.3.1/../../../../arm-none-eabi/lib/thumb/v7e-m+fp/hard\libc_nano.a(libc_a-errno.o)
 .ARM.attributes
                0x0000075f       0x34 C:/ST/STM32CubeIDE_1.17.0/STM32CubeIDE/plugins/com.st.stm32cube.ide.mcu.externaltools.gnu-tools-for-stm32.12.3.rel1.win32_1.1.0.202410251130/tools/bin/../lib/gcc/arm-none-eabi/12.3.1/../../../../arm-none-eabi/lib/thumb/v7e-m+fp/hard\libc_nano.a(libc_a-init.o)
 .ARM.attributes
                0x00000793       0x34 C:/ST/STM32CubeIDE_1.17.0/STM32CubeIDE/plugins/com.st.stm32cube.ide.mcu.externaltools.gnu-tools-for-stm32.12.3.rel1.win32_1.1.0.202410251130/tools/bin/../lib/gcc/arm-none-eabi/12.3.1/../../../../arm-none-eabi/lib/thumb/v7e-m+fp/hard\libc_nano.a(libc_a-lock.o)
 .ARM.attributes
                0x000007c7       0x17 C:/ST/STM32CubeIDE_1.17.0/STM32CubeIDE/plugins/com.st.stm32cube.ide.mcu.externaltools.gnu-tools-for-stm32.12.3.rel1.win32_1.1.0.202410251130/tools/bin/../lib/gcc/arm-none-eabi/12.3.1/../../../../arm-none-eabi/lib/thumb/v7e-m+fp/hard\libc_nano.a(libc_a-strlen.o)
 .ARM.attributes
                0x000007de       0x34 C:/ST/STM32CubeIDE_1.17.0/STM32CubeIDE/plugins/com.st.stm32cube.ide.mcu.externaltools.gnu-tools-for-stm32.12.3.rel1.win32_1.1.0.202410251130/tools/bin/../lib/gcc/arm-none-eabi/12.3.1/../../../../arm-none-eabi/lib/thumb/v7e-m+fp/hard\libc_nano.a(libc_a-freer.o)
 .ARM.attributes
                0x00000812       0x34 C:/ST/STM32CubeIDE_1.17.0/STM32CubeIDE/plugins/com.st.stm32cube.ide.mcu.externaltools.gnu-tools-for-stm32.12.3.rel1.win32_1.1.0.202410251130/tools/bin/../lib/gcc/arm-none-eabi/12.3.1/../../../../arm-none-eabi/lib/thumb/v7e-m+fp/hard\libc_nano.a(libc_a-mallocr.o)
 .ARM.attributes
                0x00000846       0x34 C:/ST/STM32CubeIDE_1.17.0/STM32CubeIDE/plugins/com.st.stm32cube.ide.mcu.externaltools.gnu-tools-for-stm32.12.3.rel1.win32_1.1.0.202410251130/tools/bin/../lib/gcc/arm-none-eabi/12.3.1/../../../../arm-none-eabi/lib/thumb/v7e-m+fp/hard\libc_nano.a(libc_a-mlock.o)
 .ARM.attributes
                0x0000087a       0x34 C:/ST/STM32CubeIDE_1.17.0/STM32CubeIDE/plugins/com.st.stm32cube.ide.mcu.externaltools.gnu-tools-for-stm32.12.3.rel1.win32_1.1.0.202410251130/tools/bin/../lib/gcc/arm-none-eabi/12.3.1/../../../../arm-none-eabi/lib/thumb/v7e-m+fp/hard\libc_nano.a(libc_a-nano-svfprintf.o)
 .ARM.attributes
                0x000008ae       0x34 C:/ST/STM32CubeIDE_1.17.0/STM32CubeIDE/plugins/com.st.stm32cube.ide.mcu.externaltools.gnu-tools-for-stm32.12.3.rel1.win32_1.1.0.202410251130/tools/bin/../lib/gcc/arm-none-eabi/12.3.1/../../../../arm-none-eabi/lib/thumb/v7e-m+fp/hard\libc_nano.a(libc_a-nano-vfprintf_i.o)
 .ARM.attributes
                0x000008e2       0x34 C:/ST/STM32CubeIDE_1.17.0/STM32CubeIDE/plugins/com.st.stm32cube.ide.mcu.externaltools.gnu-tools-for-stm32.12.3.rel1.win32_1.1.0.202410251130/tools/bin/../lib/gcc/arm-none-eabi/12.3.1/../../../../arm-none-eabi/lib/thumb/v7e-m+fp/hard\libc_nano.a(libc_a-memmove.o)
 .ARM.attributes
                0x00000916       0x34 C:/ST/STM32CubeIDE_1.17.0/STM32CubeIDE/plugins/com.st.stm32cube.ide.mcu.externaltools.gnu-tools-for-stm32.12.3.rel1.win32_1.1.0.202410251130/tools/bin/../lib/gcc/arm-none-eabi/12.3.1/../../../../arm-none-eabi/lib/thumb/v7e-m+fp/hard\libc_nano.a(libc_a-sbrkr.o)
 .ARM.attributes
                0x0000094a       0x1c C:/ST/STM32CubeIDE_1.17.0/STM32CubeIDE/plugins/com.st.stm32cube.ide.mcu.externaltools.gnu-tools-for-stm32.12.3.rel1.win32_1.1.0.202410251130/tools/bin/../lib/gcc/arm-none-eabi/12.3.1/../../../../arm-none-eabi/lib/thumb/v7e-m+fp/hard\libc_nano.a(libc_a-memchr.o)
 .ARM.attributes
                0x00000966       0x34 C:/ST/STM32CubeIDE_1.17.0/STM32CubeIDE/plugins/com.st.stm32cube.ide.mcu.externaltools.gnu-tools-for-stm32.12.3.rel1.win32_1.1.0.202410251130/tools/bin/../lib/gcc/arm-none-eabi/12.3.1/../../../../arm-none-eabi/lib/thumb/v7e-m+fp/hard\libc_nano.a(libc_a-memcpy-stub.o)
 .ARM.attributes
                0x0000099a       0x34 C:/ST/STM32CubeIDE_1.17.0/STM32CubeIDE/plugins/com.st.stm32cube.ide.mcu.externaltools.gnu-tools-for-stm32.12.3.rel1.win32_1.1.0.202410251130/tools/bin/../lib/gcc/arm-none-eabi/12.3.1/../../../../arm-none-eabi/lib/thumb/v7e-m+fp/hard\libc_nano.a(libc_a-reallocr.o)
 .ARM.attributes
                0x000009ce       0x34 C:/ST/STM32CubeIDE_1.17.0/STM32CubeIDE/plugins/com.st.stm32cube.ide.mcu.externaltools.gnu-tools-for-stm32.12.3.rel1.win32_1.1.0.202410251130/tools/bin/../lib/gcc/arm-none-eabi/12.3.1/../../../../arm-none-eabi/lib/thumb/v7e-m+fp/hard\libc_nano.a(libc_a-msizer.o)
 .ARM.attributes
                0x00000a02       0x22 C:/ST/STM32CubeIDE_1.17.0/STM32CubeIDE/plugins/com.st.stm32cube.ide.mcu.externaltools.gnu-tools-for-stm32.12.3.rel1.win32_1.1.0.202410251130/tools/bin/../lib/gcc/arm-none-eabi/12.3.1/thumb/v7e-m+fp/hard\libgcc.a(_arm_muldf3.o)
 .ARM.attributes
                0x00000a24       0x22 C:/ST/STM32CubeIDE_1.17.0/STM32CubeIDE/plugins/com.st.stm32cube.ide.mcu.externaltools.gnu-tools-for-stm32.12.3.rel1.win32_1.1.0.202410251130/tools/bin/../lib/gcc/arm-none-eabi/12.3.1/thumb/v7e-m+fp/hard\libgcc.a(_arm_addsubdf3.o)
 .ARM.attributes
                0x00000a46       0x22 C:/ST/STM32CubeIDE_1.17.0/STM32CubeIDE/plugins/com.st.stm32cube.ide.mcu.externaltools.gnu-tools-for-stm32.12.3.rel1.win32_1.1.0.202410251130/tools/bin/../lib/gcc/arm-none-eabi/12.3.1/thumb/v7e-m+fp/hard\libgcc.a(_arm_fixdfsi.o)
 .ARM.attributes
                0x00000a68       0x22 C:/ST/STM32CubeIDE_1.17.0/STM32CubeIDE/plugins/com.st.stm32cube.ide.mcu.externaltools.gnu-tools-for-stm32.12.3.rel1.win32_1.1.0.202410251130/tools/bin/../lib/gcc/arm-none-eabi/12.3.1/thumb/v7e-m+fp/hard\libgcc.a(_arm_fixunsdfsi.o)
 .ARM.attributes
                0x00000a8a       0x22 C:/ST/STM32CubeIDE_1.17.0/STM32CubeIDE/plugins/com.st.stm32cube.ide.mcu.externaltools.gnu-tools-for-stm32.12.3.rel1.win32_1.1.0.202410251130/tools/bin/../lib/gcc/arm-none-eabi/12.3.1/thumb/v7e-m+fp/hard\libgcc.a(_aeabi_uldivmod.o)
 .ARM.attributes
                0x00000aac       0x34 C:/ST/STM32CubeIDE_1.17.0/STM32CubeIDE/plugins/com.st.stm32cube.ide.mcu.externaltools.gnu-tools-for-stm32.12.3.rel1.win32_1.1.0.202410251130/tools/bin/../lib/gcc/arm-none-eabi/12.3.1/thumb/v7e-m+fp/hard\libgcc.a(_udivmoddi4.o)
 .ARM.attributes
                0x00000ae0       0x22 C:/ST/STM32CubeIDE_1.17.0/STM32CubeIDE/plugins/com.st.stm32cube.ide.mcu.externaltools.gnu-tools-for-stm32.12.3.rel1.win32_1.1.0.202410251130/tools/bin/../lib/gcc/arm-none-eabi/12.3.1/thumb/v7e-m+fp/hard\libgcc.a(_dvmd_tls.o)
 .ARM.attributes
                0x00000b02       0x22 C:/ST/STM32CubeIDE_1.17.0/STM32CubeIDE/plugins/com.st.stm32cube.ide.mcu.externaltools.gnu-tools-for-stm32.12.3.rel1.win32_1.1.0.202410251130/tools/bin/../lib/gcc/arm-none-eabi/12.3.1/thumb/v7e-m+fp/hard/crtn.o
OUTPUT(ASD.elf elf32-littlearm)
LOAD linker stubs
LOAD C:/ST/STM32CubeIDE_1.17.0/STM32CubeIDE/plugins/com.st.stm32cube.ide.mcu.externaltools.gnu-tools-for-stm32.12.3.rel1.win32_1.1.0.202410251130/tools/bin/../lib/gcc/arm-none-eabi/12.3.1/../../../../arm-none-eabi/lib/thumb/v7e-m+fp/hard\libc.a
LOAD C:/ST/STM32CubeIDE_1.17.0/STM32CubeIDE/plugins/com.st.stm32cube.ide.mcu.externaltools.gnu-tools-for-stm32.12.3.rel1.win32_1.1.0.202410251130/tools/bin/../lib/gcc/arm-none-eabi/12.3.1/../../../../arm-none-eabi/lib/thumb/v7e-m+fp/hard\libm.a
LOAD C:/ST/STM32CubeIDE_1.17.0/STM32CubeIDE/plugins/com.st.stm32cube.ide.mcu.externaltools.gnu-tools-for-stm32.12.3.rel1.win32_1.1.0.202410251130/tools/bin/../lib/gcc/arm-none-eabi/12.3.1/thumb/v7e-m+fp/hard\libgcc.a

.debug_info     0x00000000    0x19464
 .debug_info    0x00000000      0x370 ./Core/Control/PID.o
 .debug_info    0x00000370      0x8ce ./Core/Periphs/MOT_DRV.o
 .debug_info    0x00000c3e      0x7f5 ./Core/Periphs/SD.o
 .debug_info    0x00001433      0x235 ./Core/Sensors/DSC.o
 .debug_info    0x00001668      0xa21 ./Core/Sensors/ENC.o
 .debug_info    0x00002089      0x8b2 ./Core/Sensors/IMU.o
 .debug_info    0x0000293b     0x1fd7 ./Core/Src/main.o
 .debug_info    0x00004912     0x1695 ./Core/Src/stm32f4xx_hal_msp.o
 .debug_info    0x00005fa7      0x693 ./Core/Src/stm32f4xx_it.o
 .debug_info    0x0000663a      0x171 ./Core/Src/sysmem.o
 .debug_info    0x000067ab      0x54f ./Core/Src/system_stm32f4xx.o
 .debug_info    0x00006cfa       0x2f ./Core/Startup/startup_stm32f411ceux.o
 .debug_info    0x00006d29      0x90d ./Drivers/STM32F4xx_HAL_Driver/Src/stm32f4xx_hal.o
 .debug_info    0x00007636      0xdd3 ./Drivers/STM32F4xx_HAL_Driver/Src/stm32f4xx_hal_cortex.o
 .debug_info    0x00008409      0x947 ./Drivers/STM32F4xx_HAL_Driver/Src/stm32f4xx_hal_dma.o
 .debug_info    0x00008d50      0x78e ./Drivers/STM32F4xx_HAL_Driver/Src/stm32f4xx_hal_gpio.o
 .debug_info    0x000094de     0x2647 ./Drivers/STM32F4xx_HAL_Driver/Src/stm32f4xx_hal_i2c.o
 .debug_info    0x0000bb25      0x9a3 ./Drivers/STM32F4xx_HAL_Driver/Src/stm32f4xx_hal_rcc.o
 .debug_info    0x0000c4c8     0x1661 ./Drivers/STM32F4xx_HAL_Driver/Src/stm32f4xx_hal_spi.o
 .debug_info    0x0000db29     0x2c0f ./Drivers/STM32F4xx_HAL_Driver/Src/stm32f4xx_hal_tim.o
 .debug_info    0x00010738     0x1607 ./Drivers/STM32F4xx_HAL_Driver/Src/stm32f4xx_hal_tim_ex.o
 .debug_info    0x00011d3f     0x3149 ./Drivers/STM32F4xx_HAL_Driver/Src/stm32f4xx_hal_uart.o
 .debug_info    0x00014e88      0x526 ./FATFS/App/fatfs.o
 .debug_info    0x000153ae      0x34b ./FATFS/Target/user_diskio.o
 .debug_info    0x000156f9      0xcc1 ./MIDWARE/FATFS_SD/FATFS_SD.o
 .debug_info    0x000163ba      0x2ec ./Middlewares/Third_Party/FatFs/src/diskio.o
 .debug_info    0x000166a6     0x284f ./Middlewares/Third_Party/FatFs/src/ff.o
 .debug_info    0x00018ef5      0x3a9 ./Middlewares/Third_Party/FatFs/src/ff_gen_drv.o
 .debug_info    0x0001929e      0x1c6 ./Middlewares/Third_Party/FatFs/src/option/ccsbcs.o

.debug_abbrev   0x00000000     0x356f
 .debug_abbrev  0x00000000      0x10e ./Core/Control/PID.o
 .debug_abbrev  0x0000010e      0x1b5 ./Core/Periphs/MOT_DRV.o
 .debug_abbrev  0x000002c3      0x1af ./Core/Periphs/SD.o
 .debug_abbrev  0x00000472      0x123 ./Core/Sensors/DSC.o
 .debug_abbrev  0x00000595      0x19e ./Core/Sensors/ENC.o
 .debug_abbrev  0x00000733      0x18a ./Core/Sensors/IMU.o
 .debug_abbrev  0x000008bd      0x2d9 ./Core/Src/main.o
 .debug_abbrev  0x00000b96      0x242 ./Core/Src/stm32f4xx_hal_msp.o
 .debug_abbrev  0x00000dd8      0x177 ./Core/Src/stm32f4xx_it.o
 .debug_abbrev  0x00000f4f       0xbb ./Core/Src/sysmem.o
 .debug_abbrev  0x0000100a      0x116 ./Core/Src/system_stm32f4xx.o
 .debug_abbrev  0x00001120       0x24 ./Core/Startup/startup_stm32f411ceux.o
 .debug_abbrev  0x00001144      0x23e ./Drivers/STM32F4xx_HAL_Driver/Src/stm32f4xx_hal.o
 .debug_abbrev  0x00001382      0x30d ./Drivers/STM32F4xx_HAL_Driver/Src/stm32f4xx_hal_cortex.o
 .debug_abbrev  0x0000168f      0x21b ./Drivers/STM32F4xx_HAL_Driver/Src/stm32f4xx_hal_dma.o
 .debug_abbrev  0x000018aa      0x1c4 ./Drivers/STM32F4xx_HAL_Driver/Src/stm32f4xx_hal_gpio.o
 .debug_abbrev  0x00001a6e      0x2a8 ./Drivers/STM32F4xx_HAL_Driver/Src/stm32f4xx_hal_i2c.o
 .debug_abbrev  0x00001d16      0x2aa ./Drivers/STM32F4xx_HAL_Driver/Src/stm32f4xx_hal_rcc.o
 .debug_abbrev  0x00001fc0      0x266 ./Drivers/STM32F4xx_HAL_Driver/Src/stm32f4xx_hal_spi.o
 .debug_abbrev  0x00002226      0x275 ./Drivers/STM32F4xx_HAL_Driver/Src/stm32f4xx_hal_tim.o
 .debug_abbrev  0x0000249b      0x27d ./Drivers/STM32F4xx_HAL_Driver/Src/stm32f4xx_hal_tim_ex.o
 .debug_abbrev  0x00002718      0x305 ./Drivers/STM32F4xx_HAL_Driver/Src/stm32f4xx_hal_uart.o
 .debug_abbrev  0x00002a1d      0x15a ./FATFS/App/fatfs.o
 .debug_abbrev  0x00002b77      0x139 ./FATFS/Target/user_diskio.o
 .debug_abbrev  0x00002cb0      0x2d7 ./MIDWARE/FATFS_SD/FATFS_SD.o
 .debug_abbrev  0x00002f87      0x105 ./Middlewares/Third_Party/FatFs/src/diskio.o
 .debug_abbrev  0x0000308c      0x271 ./Middlewares/Third_Party/FatFs/src/ff.o
 .debug_abbrev  0x000032fd      0x196 ./Middlewares/Third_Party/FatFs/src/ff_gen_drv.o
 .debug_abbrev  0x00003493       0xdc ./Middlewares/Third_Party/FatFs/src/option/ccsbcs.o

.debug_aranges  0x00000000     0x1600
 .debug_aranges
                0x00000000       0x38 ./Core/Control/PID.o
 .debug_aranges
                0x00000038       0x28 ./Core/Periphs/MOT_DRV.o
 .debug_aranges
                0x00000060       0x28 ./Core/Periphs/SD.o
 .debug_aranges
                0x00000088       0x20 ./Core/Sensors/DSC.o
 .debug_aranges
                0x000000a8       0x20 ./Core/Sensors/ENC.o
 .debug_aranges
                0x000000c8       0x30 ./Core/Sensors/IMU.o
 .debug_aranges
                0x000000f8       0x80 ./Core/Src/main.o
 .debug_aranges
                0x00000178       0x78 ./Core/Src/stm32f4xx_hal_msp.o
 .debug_aranges
                0x000001f0       0x68 ./Core/Src/stm32f4xx_it.o
 .debug_aranges
                0x00000258       0x20 ./Core/Src/sysmem.o
 .debug_aranges
                0x00000278       0x28 ./Core/Src/system_stm32f4xx.o
 .debug_aranges
                0x000002a0       0x28 ./Core/Startup/startup_stm32f411ceux.o
 .debug_aranges
                0x000002c8       0xf0 ./Drivers/STM32F4xx_HAL_Driver/Src/stm32f4xx_hal.o
 .debug_aranges
                0x000003b8      0x130 ./Drivers/STM32F4xx_HAL_Driver/Src/stm32f4xx_hal_cortex.o
 .debug_aranges
                0x000004e8       0x90 ./Drivers/STM32F4xx_HAL_Driver/Src/stm32f4xx_hal_dma.o
 .debug_aranges
                0x00000578       0x58 ./Drivers/STM32F4xx_HAL_Driver/Src/stm32f4xx_hal_gpio.o
 .debug_aranges
                0x000005d0      0x2a8 ./Drivers/STM32F4xx_HAL_Driver/Src/stm32f4xx_hal_i2c.o
 .debug_aranges
                0x00000878       0x88 ./Drivers/STM32F4xx_HAL_Driver/Src/stm32f4xx_hal_rcc.o
 .debug_aranges
                0x00000900      0x1d0 ./Drivers/STM32F4xx_HAL_Driver/Src/stm32f4xx_hal_spi.o
 .debug_aranges
                0x00000ad0      0x3d0 ./Drivers/STM32F4xx_HAL_Driver/Src/stm32f4xx_hal_tim.o
 .debug_aranges
                0x00000ea0      0x168 ./Drivers/STM32F4xx_HAL_Driver/Src/stm32f4xx_hal_tim_ex.o
 .debug_aranges
                0x00001008      0x208 ./Drivers/STM32F4xx_HAL_Driver/Src/stm32f4xx_hal_uart.o
 .debug_aranges
                0x00001210       0x28 ./FATFS/App/fatfs.o
 .debug_aranges
                0x00001238       0x40 ./FATFS/Target/user_diskio.o
 .debug_aranges
                0x00001278       0xa8 ./MIDWARE/FATFS_SD/FATFS_SD.o
 .debug_aranges
                0x00001320       0x48 ./Middlewares/Third_Party/FatFs/src/diskio.o
 .debug_aranges
                0x00001368      0x230 ./Middlewares/Third_Party/FatFs/src/ff.o
 .debug_aranges
                0x00001598       0x40 ./Middlewares/Third_Party/FatFs/src/ff_gen_drv.o
 .debug_aranges
                0x000015d8       0x28 ./Middlewares/Third_Party/FatFs/src/option/ccsbcs.o

.debug_ranges   0x00000000     0x1480
 .debug_ranges  0x00000000       0x28 ./Core/Control/PID.o
 .debug_ranges  0x00000028       0x18 ./Core/Periphs/MOT_DRV.o
 .debug_ranges  0x00000040       0x18 ./Core/Periphs/SD.o
 .debug_ranges  0x00000058       0x10 ./Core/Sensors/DSC.o
 .debug_ranges  0x00000068       0x10 ./Core/Sensors/ENC.o
 .debug_ranges  0x00000078       0x20 ./Core/Sensors/IMU.o
 .debug_ranges  0x00000098       0x70 ./Core/Src/main.o
 .debug_ranges  0x00000108       0x68 ./Core/Src/stm32f4xx_hal_msp.o
 .debug_ranges  0x00000170       0x58 ./Core/Src/stm32f4xx_it.o
 .debug_ranges  0x000001c8       0x10 ./Core/Src/sysmem.o
 .debug_ranges  0x000001d8       0x18 ./Core/Src/system_stm32f4xx.o
 .debug_ranges  0x000001f0       0x20 ./Core/Startup/startup_stm32f411ceux.o
 .debug_ranges  0x00000210       0xe0 ./Drivers/STM32F4xx_HAL_Driver/Src/stm32f4xx_hal.o
 .debug_ranges  0x000002f0      0x120 ./Drivers/STM32F4xx_HAL_Driver/Src/stm32f4xx_hal_cortex.o
 .debug_ranges  0x00000410       0x80 ./Drivers/STM32F4xx_HAL_Driver/Src/stm32f4xx_hal_dma.o
 .debug_ranges  0x00000490       0x48 ./Drivers/STM32F4xx_HAL_Driver/Src/stm32f4xx_hal_gpio.o
 .debug_ranges  0x000004d8      0x2b0 ./Drivers/STM32F4xx_HAL_Driver/Src/stm32f4xx_hal_i2c.o
 .debug_ranges  0x00000788       0x78 ./Drivers/STM32F4xx_HAL_Driver/Src/stm32f4xx_hal_rcc.o
 .debug_ranges  0x00000800      0x1c0 ./Drivers/STM32F4xx_HAL_Driver/Src/stm32f4xx_hal_spi.o
 .debug_ranges  0x000009c0      0x3c0 ./Drivers/STM32F4xx_HAL_Driver/Src/stm32f4xx_hal_tim.o
 .debug_ranges  0x00000d80      0x158 ./Drivers/STM32F4xx_HAL_Driver/Src/stm32f4xx_hal_tim_ex.o
 .debug_ranges  0x00000ed8      0x228 ./Drivers/STM32F4xx_HAL_Driver/Src/stm32f4xx_hal_uart.o
 .debug_ranges  0x00001100       0x18 ./FATFS/App/fatfs.o
 .debug_ranges  0x00001118       0x30 ./FATFS/Target/user_diskio.o
 .debug_ranges  0x00001148       0x98 ./MIDWARE/FATFS_SD/FATFS_SD.o
 .debug_ranges  0x000011e0       0x38 ./Middlewares/Third_Party/FatFs/src/diskio.o
 .debug_ranges  0x00001218      0x220 ./Middlewares/Third_Party/FatFs/src/ff.o
 .debug_ranges  0x00001438       0x30 ./Middlewares/Third_Party/FatFs/src/ff_gen_drv.o
 .debug_ranges  0x00001468       0x18 ./Middlewares/Third_Party/FatFs/src/option/ccsbcs.o

.debug_macro    0x00000000    0x1ab75
 .debug_macro   0x00000000      0x3c7 ./Core/Control/PID.o
 .debug_macro   0x000003c7      0xab4 ./Core/Control/PID.o
 .debug_macro   0x00000e7b       0x22 ./Core/Control/PID.o
 .debug_macro   0x00000e9d       0x5b ./Core/Control/PID.o
 .debug_macro   0x00000ef8       0x2a ./Core/Control/PID.o
 .debug_macro   0x00000f22       0x94 ./Core/Control/PID.o
 .debug_macro   0x00000fb6       0x43 ./Core/Control/PID.o
 .debug_macro   0x00000ff9       0x34 ./Core/Control/PID.o
 .debug_macro   0x0000102d       0x16 ./Core/Control/PID.o
 .debug_macro   0x00001043       0x57 ./Core/Control/PID.o
 .debug_macro   0x0000109a       0x9e ./Core/Control/PID.o
 .debug_macro   0x00001138      0x369 ./Core/Control/PID.o
 .debug_macro   0x000014a1      0x10b ./Core/Control/PID.o
 .debug_macro   0x000015ac       0x10 ./Core/Control/PID.o
 .debug_macro   0x000015bc       0x16 ./Core/Control/PID.o
 .debug_macro   0x000015d2       0x43 ./Core/Control/PID.o
 .debug_macro   0x00001615       0x34 ./Core/Control/PID.o
 .debug_macro   0x00001649       0x10 ./Core/Control/PID.o
 .debug_macro   0x00001659       0x58 ./Core/Control/PID.o
 .debug_macro   0x000016b1       0x8e ./Core/Control/PID.o
 .debug_macro   0x0000173f       0x1c ./Core/Control/PID.o
 .debug_macro   0x0000175b      0x177 ./Core/Control/PID.o
 .debug_macro   0x000018d2       0x16 ./Core/Control/PID.o
 .debug_macro   0x000018e8       0x16 ./Core/Control/PID.o
 .debug_macro   0x000018fe      0x146 ./Core/Control/PID.o
 .debug_macro   0x00001a44      0x19b ./Core/Control/PID.o
 .debug_macro   0x00001bdf       0x16 ./Core/Control/PID.o
 .debug_macro   0x00001bf5       0x35 ./Core/Control/PID.o
 .debug_macro   0x00001c2a       0x20 ./Core/Control/PID.o
 .debug_macro   0x00001c4a      0x103 ./Core/Control/PID.o
 .debug_macro   0x00001d4d       0x6a ./Core/Control/PID.o
 .debug_macro   0x00001db7      0x1df ./Core/Control/PID.o
 .debug_macro   0x00001f96      0x2a7 ./Core/Control/PID.o
 .debug_macro   0x0000223d       0x2e ./Core/Control/PID.o
 .debug_macro   0x0000226b       0x28 ./Core/Control/PID.o
 .debug_macro   0x00002293       0x1c ./Core/Control/PID.o
 .debug_macro   0x000022af       0x22 ./Core/Control/PID.o
 .debug_macro   0x000022d1       0xfb ./Core/Control/PID.o
 .debug_macro   0x000023cc     0x1011 ./Core/Control/PID.o
 .debug_macro   0x000033dd      0x11f ./Core/Control/PID.o
 .debug_macro   0x000034fc     0xb968 ./Core/Control/PID.o
 .debug_macro   0x0000ee64       0x6d ./Core/Control/PID.o
 .debug_macro   0x0000eed1     0x3693 ./Core/Control/PID.o
 .debug_macro   0x00012564       0x56 ./Core/Control/PID.o
 .debug_macro   0x000125ba      0x45c ./Core/Control/PID.o
 .debug_macro   0x00012a16      0x9e9 ./Core/Control/PID.o
 .debug_macro   0x000133ff      0x115 ./Core/Control/PID.o
 .debug_macro   0x00013514      0x11b ./Core/Control/PID.o
 .debug_macro   0x0001362f       0xa5 ./Core/Control/PID.o
 .debug_macro   0x000136d4      0x15f ./Core/Control/PID.o
 .debug_macro   0x00013833      0x287 ./Core/Control/PID.o
 .debug_macro   0x00013aba       0x5f ./Core/Control/PID.o
 .debug_macro   0x00013b19      0x236 ./Core/Control/PID.o
 .debug_macro   0x00013d4f      0x132 ./Core/Control/PID.o
 .debug_macro   0x00013e81      0x264 ./Core/Control/PID.o
 .debug_macro   0x000140e5       0x2e ./Core/Control/PID.o
 .debug_macro   0x00014113      0x1b5 ./Core/Control/PID.o
 .debug_macro   0x000142c8       0x22 ./Core/Control/PID.o
 .debug_macro   0x000142ea       0xd6 ./Core/Control/PID.o
 .debug_macro   0x000143c0      0x127 ./Core/Control/PID.o
 .debug_macro   0x000144e7       0x85 ./Core/Control/PID.o
 .debug_macro   0x0001456c       0x89 ./Core/Control/PID.o
 .debug_macro   0x000145f5      0x225 ./Core/Control/PID.o
 .debug_macro   0x0001481a      0x8ed ./Core/Control/PID.o
 .debug_macro   0x00015107       0x47 ./Core/Control/PID.o
 .debug_macro   0x0001514e      0x2aa ./Core/Control/PID.o
 .debug_macro   0x000153f8      0x126 ./Core/Control/PID.o
 .debug_macro   0x0001551e       0xe5 ./Core/Control/PID.o
 .debug_macro   0x00015603       0x16 ./Core/Control/PID.o
 .debug_macro   0x00015619       0x16 ./Core/Control/PID.o
 .debug_macro   0x0001562f       0x29 ./Core/Control/PID.o
 .debug_macro   0x00015658       0x12 ./Core/Control/PID.o
 .debug_macro   0x0001566a       0xdb ./Core/Control/PID.o
 .debug_macro   0x00015745       0x8e ./Core/Control/PID.o
 .debug_macro   0x000157d3       0x3a ./Core/Control/PID.o
 .debug_macro   0x0001580d       0x16 ./Core/Control/PID.o
 .debug_macro   0x00015823      0x3c1 ./Core/Periphs/MOT_DRV.o
 .debug_macro   0x00015be4      0x189 ./Core/Periphs/MOT_DRV.o
 .debug_macro   0x00015d6d       0x1c ./Core/Periphs/MOT_DRV.o
 .debug_macro   0x00015d89       0x1c ./Core/Periphs/MOT_DRV.o
 .debug_macro   0x00015da5      0x3cb ./Core/Periphs/SD.o
 .debug_macro   0x00016170       0x8e ./Core/Periphs/SD.o
 .debug_macro   0x000161fe       0x51 ./Core/Periphs/SD.o
 .debug_macro   0x0001624f       0x5c ./Core/Periphs/SD.o
 .debug_macro   0x000162ab       0x61 ./Core/Periphs/SD.o
 .debug_macro   0x0001630c       0xe2 ./Core/Periphs/SD.o
 .debug_macro   0x000163ee      0x38e ./Core/Sensors/DSC.o
 .debug_macro   0x0001677c      0x3aa ./Core/Sensors/ENC.o
 .debug_macro   0x00016b26       0xeb ./Core/Sensors/ENC.o
 .debug_macro   0x00016c11       0x10 ./Core/Sensors/ENC.o
 .debug_macro   0x00016c21      0x3a4 ./Core/Sensors/IMU.o
 .debug_macro   0x00016fc5      0x3d3 ./Core/Src/main.o
 .debug_macro   0x00017398      0x1fb ./Core/Src/stm32f4xx_hal_msp.o
 .debug_macro   0x00017593      0x205 ./Core/Src/stm32f4xx_it.o
 .debug_macro   0x00017798       0xff ./Core/Src/sysmem.o
 .debug_macro   0x00017897      0x23c ./Core/Src/sysmem.o
 .debug_macro   0x00017ad3      0x1f1 ./Core/Src/system_stm32f4xx.o
 .debug_macro   0x00017cc4      0x251 ./Drivers/STM32F4xx_HAL_Driver/Src/stm32f4xx_hal.o
 .debug_macro   0x00017f15      0x1f1 ./Drivers/STM32F4xx_HAL_Driver/Src/stm32f4xx_hal_cortex.o
 .debug_macro   0x00018106      0x1f7 ./Drivers/STM32F4xx_HAL_Driver/Src/stm32f4xx_hal_dma.o
 .debug_macro   0x000182fd      0x1f7 ./Drivers/STM32F4xx_HAL_Driver/Src/stm32f4xx_hal_gpio.o
 .debug_macro   0x000184f4      0x23f ./Drivers/STM32F4xx_HAL_Driver/Src/stm32f4xx_hal_i2c.o
 .debug_macro   0x00018733      0x215 ./Drivers/STM32F4xx_HAL_Driver/Src/stm32f4xx_hal_rcc.o
 .debug_macro   0x00018948      0x200 ./Drivers/STM32F4xx_HAL_Driver/Src/stm32f4xx_hal_spi.o
 .debug_macro   0x00018b48      0x1f2 ./Drivers/STM32F4xx_HAL_Driver/Src/stm32f4xx_hal_tim.o