../MIDWARE/FATFS_SD/FATFS_SD.c:26:13:SELECT	8	static
../MIDWARE/FATFS_SD/FATFS_SD.c:32:13:DESELECT	8	static
../MIDWARE/FATFS_SD/FATFS_SD.c:38:13:SPI_TxByte	16	static
../MIDWARE/FATFS_SD/FATFS_SD.c:45:13:SPI_TxBuffer	16	static
../MIDWARE/FATFS_SD/FATFS_SD.c:52:16:SPI_RxByte	24	static
../MIDWARE/FATFS_SD/FATFS_SD.c:62:13:SPI_RxBytePtr	16	static
../MIDWARE/FATFS_SD/FATFS_SD.c:70:16:SD_ReadyWait	16	static
../MIDWARE/FATFS_SD/FATFS_SD.c:83:13:SD_PowerOn	24	static
../MIDWARE/FATFS_SD/FATFS_SD.c:114:13:SD_PowerOff	4	static
../MIDWARE/FATFS_SD/FATFS_SD.c:120:16:SD_CheckPower	4	static
../MIDWARE/FATFS_SD/FATFS_SD.c:126:13:SD_RxDataBlock	24	static
../MIDWARE/FATFS_SD/FATFS_SD.c:149:13:SD_TxDataBlock	24	static
../MIDWARE/FATFS_SD/FATFS_SD.c:183:13:SD_SendCmd	24	static
../MIDWARE/FATFS_SD/FATFS_SD.c:214:9:SD_disk_initialize	32	static
../MIDWARE/FATFS_SD/FATFS_SD.c:299:9:SD_disk_status	16	static
../MIDWARE/FATFS_SD/FATFS_SD.c:306:9:SD_disk_read	24	static
../MIDWARE/FATFS_SD/FATFS_SD.c:348:9:SD_disk_write	24	static
../MIDWARE/FATFS_SD/FATFS_SD.c:403:9:SD_disk_ioctl	56	static
