../Core/Src/main.c:40:5:main	112	static
../Core/Src/main.c:102:13:PeriphConfig_Init	16	static
../Core/Src/main.c:118:13:SysClock_Init	8	static
../Core/Src/main.c:127:13:LP_Filter	40	static
../Core/Src/main.c:133:13:DelayedVals_Update	16	static
../Core/Src/main.c:142:13:SystemClock_Config	88	static
../Core/Src/main.c:189:13:MX_I2C1_Init	8	static
../Core/Src/main.c:220:13:MX_SPI2_Init	8	static
../Core/Src/main.c:242:13:MX_TIM1_Init	96	static
../Core/Src/main.c:310:13:MX_TIM2_Init	56	static
../Core/Src/main.c:344:13:MX_USART1_UART_Init	8	static
../Core/Src/main.c:362:13:MX_GPIO_Init	40	static
../Core/Src/main.c:399:6:Error_Handler	4	static,ignoring_inline_asm
